Archive member included to satisfy reference by file (symbol)

c:/users/walter/toolchains/arm-gnu-toolchain-12.2.rel1-mingw-w64-i686-arm-none-eabi/bin/../lib/gcc/arm-none-eabi/12.2.1/thumb/v7e-m+fp/hard\libc_nano.a(libc_a-exit.o)
                              c:/users/walter/toolchains/arm-gnu-toolchain-12.2.rel1-mingw-w64-i686-arm-none-eabi/bin/../lib/gcc/arm-none-eabi/12.2.1/thumb/v7e-m+fp/hard/crt0.o (exit)
c:/users/walter/toolchains/arm-gnu-toolchain-12.2.rel1-mingw-w64-i686-arm-none-eabi/bin/../lib/gcc/arm-none-eabi/12.2.1/thumb/v7e-m+fp/hard\libc_nano.a(libc_a-malloc.o)
                              build/usbh_cdc.o (malloc)
c:/users/walter/toolchains/arm-gnu-toolchain-12.2.rel1-mingw-w64-i686-arm-none-eabi/bin/../lib/gcc/arm-none-eabi/12.2.1/thumb/v7e-m+fp/hard\libc_nano.a(libc_a-mallocr.o)
                              c:/users/walter/toolchains/arm-gnu-toolchain-12.2.rel1-mingw-w64-i686-arm-none-eabi/bin/../lib/gcc/arm-none-eabi/12.2.1/thumb/v7e-m+fp/hard\libc_nano.a(libc_a-malloc.o) (_malloc_r)
c:/users/walter/toolchains/arm-gnu-toolchain-12.2.rel1-mingw-w64-i686-arm-none-eabi/bin/../lib/gcc/arm-none-eabi/12.2.1/thumb/v7e-m+fp/hard\libc_nano.a(libc_a-mlock.o)
                              c:/users/walter/toolchains/arm-gnu-toolchain-12.2.rel1-mingw-w64-i686-arm-none-eabi/bin/../lib/gcc/arm-none-eabi/12.2.1/thumb/v7e-m+fp/hard\libc_nano.a(libc_a-mallocr.o) (__malloc_lock)
c:/users/walter/toolchains/arm-gnu-toolchain-12.2.rel1-mingw-w64-i686-arm-none-eabi/bin/../lib/gcc/arm-none-eabi/12.2.1/thumb/v7e-m+fp/hard\libc_nano.a(libc_a-findfp.o)
                              c:/users/walter/toolchains/arm-gnu-toolchain-12.2.rel1-mingw-w64-i686-arm-none-eabi/bin/../lib/gcc/arm-none-eabi/12.2.1/thumb/v7e-m+fp/hard\libc_nano.a(libc_a-exit.o) (__stdio_exit_handler)
c:/users/walter/toolchains/arm-gnu-toolchain-12.2.rel1-mingw-w64-i686-arm-none-eabi/bin/../lib/gcc/arm-none-eabi/12.2.1/thumb/v7e-m+fp/hard\libc_nano.a(libc_a-fwalk.o)
                              c:/users/walter/toolchains/arm-gnu-toolchain-12.2.rel1-mingw-w64-i686-arm-none-eabi/bin/../lib/gcc/arm-none-eabi/12.2.1/thumb/v7e-m+fp/hard\libc_nano.a(libc_a-findfp.o) (_fwalk_sglue)
c:/users/walter/toolchains/arm-gnu-toolchain-12.2.rel1-mingw-w64-i686-arm-none-eabi/bin/../lib/gcc/arm-none-eabi/12.2.1/thumb/v7e-m+fp/hard\libc_nano.a(libc_a-stdio.o)
                              c:/users/walter/toolchains/arm-gnu-toolchain-12.2.rel1-mingw-w64-i686-arm-none-eabi/bin/../lib/gcc/arm-none-eabi/12.2.1/thumb/v7e-m+fp/hard\libc_nano.a(libc_a-findfp.o) (__sread)
c:/users/walter/toolchains/arm-gnu-toolchain-12.2.rel1-mingw-w64-i686-arm-none-eabi/bin/../lib/gcc/arm-none-eabi/12.2.1/thumb/v7e-m+fp/hard\libc_nano.a(libc_a-memset.o)
                              c:/users/walter/toolchains/arm-gnu-toolchain-12.2.rel1-mingw-w64-i686-arm-none-eabi/bin/../lib/gcc/arm-none-eabi/12.2.1/thumb/v7e-m+fp/hard/crt0.o (memset)
c:/users/walter/toolchains/arm-gnu-toolchain-12.2.rel1-mingw-w64-i686-arm-none-eabi/bin/../lib/gcc/arm-none-eabi/12.2.1/thumb/v7e-m+fp/hard\libc_nano.a(libc_a-closer.o)
                              c:/users/walter/toolchains/arm-gnu-toolchain-12.2.rel1-mingw-w64-i686-arm-none-eabi/bin/../lib/gcc/arm-none-eabi/12.2.1/thumb/v7e-m+fp/hard\libc_nano.a(libc_a-stdio.o) (_close_r)
c:/users/walter/toolchains/arm-gnu-toolchain-12.2.rel1-mingw-w64-i686-arm-none-eabi/bin/../lib/gcc/arm-none-eabi/12.2.1/thumb/v7e-m+fp/hard\libc_nano.a(libc_a-reent.o)
                              c:/users/walter/toolchains/arm-gnu-toolchain-12.2.rel1-mingw-w64-i686-arm-none-eabi/bin/../lib/gcc/arm-none-eabi/12.2.1/thumb/v7e-m+fp/hard\libc_nano.a(libc_a-closer.o) (errno)
c:/users/walter/toolchains/arm-gnu-toolchain-12.2.rel1-mingw-w64-i686-arm-none-eabi/bin/../lib/gcc/arm-none-eabi/12.2.1/thumb/v7e-m+fp/hard\libc_nano.a(libc_a-impure.o)
                              c:/users/walter/toolchains/arm-gnu-toolchain-12.2.rel1-mingw-w64-i686-arm-none-eabi/bin/../lib/gcc/arm-none-eabi/12.2.1/thumb/v7e-m+fp/hard\libc_nano.a(libc_a-malloc.o) (_impure_ptr)
c:/users/walter/toolchains/arm-gnu-toolchain-12.2.rel1-mingw-w64-i686-arm-none-eabi/bin/../lib/gcc/arm-none-eabi/12.2.1/thumb/v7e-m+fp/hard\libc_nano.a(libc_a-lseekr.o)
                              c:/users/walter/toolchains/arm-gnu-toolchain-12.2.rel1-mingw-w64-i686-arm-none-eabi/bin/../lib/gcc/arm-none-eabi/12.2.1/thumb/v7e-m+fp/hard\libc_nano.a(libc_a-stdio.o) (_lseek_r)
c:/users/walter/toolchains/arm-gnu-toolchain-12.2.rel1-mingw-w64-i686-arm-none-eabi/bin/../lib/gcc/arm-none-eabi/12.2.1/thumb/v7e-m+fp/hard\libc_nano.a(libc_a-readr.o)
                              c:/users/walter/toolchains/arm-gnu-toolchain-12.2.rel1-mingw-w64-i686-arm-none-eabi/bin/../lib/gcc/arm-none-eabi/12.2.1/thumb/v7e-m+fp/hard\libc_nano.a(libc_a-stdio.o) (_read_r)
c:/users/walter/toolchains/arm-gnu-toolchain-12.2.rel1-mingw-w64-i686-arm-none-eabi/bin/../lib/gcc/arm-none-eabi/12.2.1/thumb/v7e-m+fp/hard\libc_nano.a(libc_a-sbrkr.o)
[...]
Memory Configuration

Name             Origin             Length             Attributes
RAM              0x20000000         0x00020000         xrw
CCMRAM           0x10000000         0x00010000         xrw
FLASH            0x08000000         0x00100000         xr
*default*        0x00000000         0xffffffff

Linker script and memory map

LOAD c:/users/walter/toolchains/arm-gnu-toolchain-12.2.rel1-mingw-w64-i686-arm-none-eabi/bin/../lib/gcc/arm-none-eabi/12.2.1/thumb/v7e-m+fp/hard/crti.o
LOAD c:/users/walter/toolchains/arm-gnu-toolchain-12.2.rel1-mingw-w64-i686-arm-none-eabi/bin/../lib/gcc/arm-none-eabi/12.2.1/thumb/v7e-m+fp/hard/crtbegin.o
LOAD c:/users/walter/toolchains/arm-gnu-toolchain-12.2.rel1-mingw-w64-i686-arm-none-eabi/bin/../lib/gcc/arm-none-eabi/12.2.1/thumb/v7e-m+fp/hard/crt0.o
LOAD build/main.o
LOAD build/stm32f4xx_it.o
LOAD build/stm32f4xx_hal_msp.o
LOAD build/usb_host.o
LOAD build/usbh_conf.o
LOAD build/usbh_platform.o
LOAD build/stm32f4xx_hal_hcd.o
LOAD build/stm32f4xx_ll_usb.o
LOAD build/stm32f4xx_hal_rcc.o
LOAD build/stm32f4xx_hal_rcc_ex.o
LOAD build/stm32f4xx_hal_flash.o
LOAD build/stm32f4xx_hal_flash_ex.o
LOAD build/stm32f4xx_hal_flash_ramfunc.o
LOAD build/stm32f4xx_hal_gpio.o
LOAD build/stm32f4xx_hal_dma_ex.o
LOAD build/stm32f4xx_hal_dma.o
LOAD build/stm32f4xx_hal_pwr.o
LOAD build/stm32f4xx_hal_pwr_ex.o
LOAD build/stm32f4xx_hal_cortex.o
LOAD build/stm32f4xx_hal.o
LOAD build/stm32f4xx_hal_exti.o
LOAD build/stm32f4xx_hal_i2c.o
LOAD build/stm32f4xx_hal_i2c_ex.o
LOAD build/stm32f4xx_hal_i2s.o
LOAD build/stm32f4xx_hal_i2s_ex.o
LOAD build/stm32f4xx_hal_spi.o
LOAD build/stm32f4xx_hal_tim.o
LOAD build/stm32f4xx_hal_tim_ex.o
LOAD build/system_stm32f4xx.o
LOAD build/usbh_core.o
LOAD build/usbh_ctlreq.o
LOAD build/usbh_ioreq.o
LOAD build/usbh_pipes.o
LOAD build/usbh_cdc.o
LOAD build/startup_stm32f407xx.o
LOAD c:/users/walter/toolchains/arm-gnu-toolchain-12.2.rel1-mingw-w64-i686-arm-none-eabi/bin/../lib/gcc/arm-none-eabi/12.2.1/thumb/v7e-m+fp/hard\libc_nano.a
LOAD c:/users/walter/toolchains/arm-gnu-toolchain-12.2.rel1-mingw-w64-i686-arm-none-eabi/bin/../lib/gcc/arm-none-eabi/12.2.1/thumb/v7e-m+fp/hard\libm.a
LOAD c:/users/walter/toolchains/arm-gnu-toolchain-12.2.rel1-mingw-w64-i686-arm-none-eabi/bin/../lib/gcc/arm-none-eabi/12.2.1/thumb/v7e-m+fp/hard\libnosys.a
START GROUP
LOAD c:/users/walter/toolchains/arm-gnu-toolchain-12.2.rel1-mingw-w64-i686-arm-none-eabi/bin/../lib/gcc/arm-none-eabi/12.2.1/thumb/v7e-m+fp/hard\libgcc.a
LOAD c:/users/walter/toolchains/arm-gnu-toolchain-12.2.rel1-mingw-w64-i686-arm-none-eabi/bin/../lib/gcc/arm-none-eabi/12.2.1/thumb/v7e-m+fp/hard\libc_nano.a
END GROUP
START GROUP
LOAD c:/users/walter/toolchains/arm-gnu-toolchain-12.2.rel1-mingw-w64-i686-arm-none-eabi/bin/../lib/gcc/arm-none-eabi/12.2.1/thumb/v7e-m+fp/hard\libgcc.a
LOAD c:/users/walter/toolchains/arm-gnu-toolchain-12.2.rel1-mingw-w64-i686-arm-none-eabi/bin/../lib/gcc/arm-none-eabi/12.2.1/thumb/v7e-m+fp/hard\libc_nano.a
END GROUP
LOAD c:/users/walter/toolchains/arm-gnu-toolchain-12.2.rel1-mingw-w64-i686-arm-none-eabi/bin/../lib/gcc/arm-none-eabi/12.2.1/thumb/v7e-m+fp/hard/crtend.o
LOAD c:/users/walter/toolchains/arm-gnu-toolchain-12.2.rel1-mingw-w64-i686-arm-none-eabi/bin/../lib/gcc/arm-none-eabi/12.2.1/thumb/v7e-m+fp/hard/crtn.o
                0x20020000                _estack = (ORIGIN (RAM) + LENGTH (RAM))
                0x00000200                _Min_Heap_Size = 0x200
                0x00000400                _Min_Stack_Size = 0x400

.isr_vector     0x08000000      0x188
                0x08000000                . = ALIGN (0x4)
 *(.isr_vector)
 .isr_vector    0x08000000      0x188 build/startup_stm32f407xx.o
                0x08000000                g_pfnVectors
                0x08000188                . = ALIGN (0x4)

.text           0x08000188     0x4910
                0x08000188                . = ALIGN (0x4)
 *(.text)
 .text          0x08000188       0x30 c:/users/walter/toolchains/arm-gnu-toolchain-12.2.rel1-mingw-w64-i686-arm-none-eabi/bin/../lib/gcc/arm-none-eabi/12.2.1/thumb/v7e-m+fp/hard\libgcc.a(_aeabi_uldivmod.o)
                0x08000188                __aeabi_uldivmod
 .text          0x080001b8        0x4 c:/users/walter/toolchains/arm-gnu-toolchain-12.2.rel1-mingw-w64-i686-arm-none-eabi/bin/../lib/gcc/arm-none-eabi/12.2.1/thumb/v7e-m+fp/hard\libgcc.a(_dvmd_tls.o)
                0x080001b8                __aeabi_idiv0
                0x080001b8                __aeabi_ldiv0
 *(.text*)
 .text.deregister_tm_clones
                0x080001bc       0x1c c:/users/walter/toolchains/arm-gnu-toolchain-12.2.rel1-mingw-w64-i686-arm-none-eabi/bin/../lib/gcc/arm-none-eabi/12.2.1/thumb/v7e-m+fp/hard/crtbegin.o
 .text.register_tm_clones
                0x080001d8       0x24 c:/users/walter/toolchains/arm-gnu-toolchain-12.2.rel1-mingw-w64-i686-arm-none-eabi/bin/../lib/gcc/arm-none-eabi/12.2.1/thumb/v7e-m+fp/hard/crtbegin.o
 .text.__do_global_dtors_aux
                0x080001fc       0x28 c:/users/walter/toolchains/arm-gnu-toolchain-12.2.rel1-mingw-w64-i686-arm-none-eabi/bin/../lib/gcc/arm-none-eabi/12.2.1/thumb/v7e-m+fp/hard/crtbegin.o
 .text.frame_dummy
                0x08000224       0x24 c:/users/walter/toolchains/arm-gnu-toolchain-12.2.rel1-mingw-w64-i686-arm-none-eabi/bin/../lib/gcc/arm-none-eabi/12.2.1/thumb/v7e-m+fp/hard/crtbegin.o
 .text.MX_GPIO_Init
                0x08000248      0x188 build/main.o
 .text.Error_Handler
                0x080003d0        0x4 build/main.o
                0x080003d0                Error_Handler
 .text.MX_I2C1_Init
                0x080003d4       0x38 build/main.o
 .text.MX_I2S3_Init
                0x0800040c       0x38 build/main.o
 .text.MX_SPI1_Init
                0x08000444       0x40 build/main.o
 .text.SystemClock_Config
                0x08000484       0xac build/main.o
                0x08000484                SystemClock_Config
 .text.main     0x08000530       0x24 build/main.o
                0x08000530                main
 .text.NMI_Handler
                0x08000554        0x2 build/stm32f4xx_it.o
                0x08000554                NMI_Handler
 .text.HardFault_Handler
                0x08000556        0x2 build/stm32f4xx_it.o
                0x08000556                HardFault_Handler
 .text.MemManage_Handler
                0x08000558        0x2 build/stm32f4xx_it.o
                0x08000558                MemManage_Handler
 .text.BusFault_Handler
                0x0800055a        0x2 build/stm32f4xx_it.o
                0x0800055a                BusFault_Handler
 .text.UsageFault_Handler
                0x0800055c        0x2 build/stm32f4xx_it.o
                0x0800055c                UsageFault_Handler
 .text.SVC_Handler
                0x0800055e        0x2 build/stm32f4xx_it.o
                0x0800055e                SVC_Handler
 .text.DebugMon_Handler
                0x08000560        0x2 build/stm32f4xx_it.o
                0x08000560                DebugMon_Handler
 .text.PendSV_Handler
                0x08000562        0x2 build/stm32f4xx_it.o
                0x08000562                PendSV_Handler
 .text.SysTick_Handler
                0x08000564        0x8 build/stm32f4xx_it.o
                0x08000564                SysTick_Handler
 .text.OTG_FS_IRQHandler
                0x0800056c       0x10 build/stm32f4xx_it.o
                0x0800056c                OTG_FS_IRQHandler
 .text.HAL_MspInit
                0x0800057c       0x40 build/stm32f4xx_hal_msp.o
                0x0800057c                HAL_MspInit
 .text.HAL_I2C_MspInit
                0x080005bc       0x70 build/stm32f4xx_hal_msp.o
                0x080005bc                HAL_I2C_MspInit
 .text.HAL_I2S_MspInit
                0x0800062c       0xc0 build/stm32f4xx_hal_msp.o
                0x0800062c                HAL_I2S_MspInit
 .text.HAL_SPI_MspInit
                0x080006ec       0x6c build/stm32f4xx_hal_msp.o
                0x080006ec                HAL_SPI_MspInit
 .text.USBH_UserProcess
                0x08000758       0x2c build/usb_host.o
 .text.MX_USB_HOST_Init
                0x08000784       0x40 build/usb_host.o
                0x08000784                MX_USB_HOST_Init
 .text.MX_USB_HOST_Process
                0x080007c4       0x10 build/usb_host.o
                0x080007c4                MX_USB_HOST_Process
 .text.HAL_HCD_MspInit
                0x080007d4       0x94 build/usbh_conf.o
                0x080007d4                HAL_HCD_MspInit
 .text.HAL_HCD_SOF_Callback
                0x08000868        0xc build/usbh_conf.o
                0x08000868                HAL_HCD_SOF_Callback
 .text.HAL_HCD_Connect_Callback
                0x08000874        0xc build/usbh_conf.o
                0x08000874                HAL_HCD_Connect_Callback
 .text.HAL_HCD_Disconnect_Callback
                0x08000880        0xc build/usbh_conf.o
                0x08000880                HAL_HCD_Disconnect_Callback
 .text.HAL_HCD_HC_NotifyURBChange_Callback
                0x0800088c        0x2 build/usbh_conf.o
                0x0800088c                HAL_HCD_HC_NotifyURBChange_Callback
 .text.HAL_HCD_PortEnabled_Callback
                0x0800088e        0xc build/usbh_conf.o
                0x0800088e                HAL_HCD_PortEnabled_Callback
 .text.HAL_HCD_PortDisabled_Callback
                0x0800089a        0xc build/usbh_conf.o
                0x0800089a                HAL_HCD_PortDisabled_Callback
 *fill*         0x080008a6        0x2 
 .text.USBH_LL_Init
                0x080008a8       0x54 build/usbh_conf.o
                0x080008a8                USBH_LL_Init
 .text.USBH_LL_GetSpeed
                0x080008fc       0x20 build/usbh_conf.o
                0x080008fc                USBH_LL_GetSpeed
 .text.USBH_LL_GetLastXferSize
                0x0800091c        0xc build/usbh_conf.o
                0x0800091c                USBH_LL_GetLastXferSize
 .text.USBH_LL_GetURBState
                0x08000928        0xc build/usbh_conf.o
                0x08000928                USBH_LL_GetURBState
 .text.USBH_LL_DriverVBUS
                0x08000934       0x1c build/usbh_conf.o
                0x08000934                USBH_LL_DriverVBUS
 .text.USBH_LL_SetToggle
                0x08000950       0x2a build/usbh_conf.o
                0x08000950                USBH_LL_SetToggle
 .text.USBH_Delay
                0x0800097a        0x8 build/usbh_conf.o
                0x0800097a                USBH_Delay
 .text.USBH_Get_USB_Status
                0x08000982       0x14 build/usbh_conf.o
                0x08000982                USBH_Get_USB_Status
 .text.USBH_LL_Start
                0x08000996       0x10 build/usbh_conf.o
                0x08000996                USBH_LL_Start
 .text.USBH_LL_Stop
                0x080009a6       0x10 build/usbh_conf.o
                0x080009a6                USBH_LL_Stop
 .text.USBH_LL_ResetPort
                0x080009b6       0x10 build/usbh_conf.o
                0x080009b6                USBH_LL_ResetPort
 .text.USBH_LL_OpenPipe
                0x080009c6       0x26 build/usbh_conf.o
                0x080009c6                USBH_LL_OpenPipe
 .text.USBH_LL_ClosePipe
                0x080009ec       0x10 build/usbh_conf.o
                0x080009ec                USBH_LL_ClosePipe
 .text.USBH_LL_SubmitURB
                0x080009fc       0x2a build/usbh_conf.o
                0x080009fc                USBH_LL_SubmitURB
 *fill*         0x08000a26        0x2 
 .text.MX_DriverVbusFS
                0x08000a28       0x18 build/usbh_platform.o
                0x08000a28                MX_DriverVbusFS
 .text.HCD_RXQLVL_IRQHandler
                0x08000a40       0x9e build/stm32f4xx_hal_hcd.o
 .text.HAL_HCD_HC_Init
                0x08000ade       0x8e build/stm32f4xx_hal_hcd.o
                0x08000ade                HAL_HCD_HC_Init
 .text.HAL_HCD_HC_Halt
                0x08000b6c       0x24 build/stm32f4xx_hal_hcd.o
                0x08000b6c                HAL_HCD_HC_Halt
 .text.HAL_HCD_Init
                0x08000b90       0xa4 build/stm32f4xx_hal_hcd.o
                0x08000b90                HAL_HCD_Init
 .text.HAL_HCD_HC_SubmitRequest
                0x08000c34      0x164 build/stm32f4xx_hal_hcd.o
                0x08000c34                HAL_HCD_HC_SubmitRequest
 .text.HCD_Port_IRQHandler
                0x08000d98       0xb0 build/stm32f4xx_hal_hcd.o
 .text.HCD_HC_IN_IRQHandler
                0x08000e48      0x2b2 build/stm32f4xx_hal_hcd.o
 .text.HCD_HC_OUT_IRQHandler
                0x080010fa      0x2c2 build/stm32f4xx_hal_hcd.o
 .text.HAL_HCD_IRQHandler
                0x080013bc      0x154 build/stm32f4xx_hal_hcd.o
                0x080013bc                HAL_HCD_IRQHandler
 .text.HAL_HCD_Start
                0x08001510       0x2a build/stm32f4xx_hal_hcd.o
                0x08001510                HAL_HCD_Start
 .text.HAL_HCD_Stop
                0x0800153a       0x24 build/stm32f4xx_hal_hcd.o
                0x0800153a                HAL_HCD_Stop
 .text.HAL_HCD_ResetPort
                0x0800155e        0xa build/stm32f4xx_hal_hcd.o
                0x0800155e                HAL_HCD_ResetPort
 .text.HAL_HCD_HC_GetURBState
                0x08001568        0xc build/stm32f4xx_hal_hcd.o
                0x08001568                HAL_HCD_HC_GetURBState
 .text.HAL_HCD_HC_GetXferCount
                0x08001574        0xa build/stm32f4xx_hal_hcd.o
                0x08001574                HAL_HCD_HC_GetXferCount
 .text.HAL_HCD_GetCurrentFrame
                0x0800157e        0xa build/stm32f4xx_hal_hcd.o
                0x0800157e                HAL_HCD_GetCurrentFrame
 .text.HAL_HCD_GetCurrentSpeed
                0x08001588        0xa build/stm32f4xx_hal_hcd.o
                0x08001588                HAL_HCD_GetCurrentSpeed
 *fill*         0x08001592        0x2 
 .text.USB_CoreReset
                0x08001594       0x50 build/stm32f4xx_ll_usb.o
 .text.USB_CoreInit
                0x080015e4       0x8a build/stm32f4xx_ll_usb.o
                0x080015e4                USB_CoreInit
 .text.USB_EnableGlobalInt
                0x0800166e        0xc build/stm32f4xx_ll_usb.o
                0x0800166e                USB_EnableGlobalInt
 .text.USB_DisableGlobalInt
                0x0800167a        0xc build/stm32f4xx_ll_usb.o
                0x0800167a                USB_DisableGlobalInt
 *fill*         0x08001686        0x2 
 .text.USB_FlushTxFifo
                0x08001688       0x50 build/stm32f4xx_ll_usb.o
                0x08001688                USB_FlushTxFifo
 .text.USB_FlushRxFifo
                0x080016d8       0x4c build/stm32f4xx_ll_usb.o
                0x080016d8                USB_FlushRxFifo
 .text.USB_WritePacket
                0x08001724       0x2e build/stm32f4xx_ll_usb.o
                0x08001724                USB_WritePacket
 .text.USB_ReadPacket
                0x08001752       0x46 build/stm32f4xx_ll_usb.o
                0x08001752                USB_ReadPacket
 .text.USB_ReadInterrupts
                0x08001798        0x8 build/stm32f4xx_ll_usb.o
                0x08001798                USB_ReadInterrupts
 .text.USB_GetMode
                0x080017a0        0x8 build/stm32f4xx_ll_usb.o
                0x080017a0                USB_GetMode
 .text.USB_SetCurrentMode
                0x080017a8       0x62 build/stm32f4xx_ll_usb.o
                0x080017a8                USB_SetCurrentMode
 *fill*         0x0800180a        0x2 
 .text.USB_HostInit
                0x0800180c       0xf8 build/stm32f4xx_ll_usb.o
                0x0800180c                USB_HostInit
 .text.USB_InitFSLSPClkSel
                0x08001904       0x3e build/stm32f4xx_ll_usb.o
                0x08001904                USB_InitFSLSPClkSel
 .text.USB_ResetPort
                0x08001942       0x3e build/stm32f4xx_ll_usb.o
                0x08001942                USB_ResetPort
 .text.USB_DriveVbus
                0x08001980       0x46 build/stm32f4xx_ll_usb.o
                0x08001980                USB_DriveVbus
 .text.USB_GetHostSpeed
                0x080019c6       0x16 build/stm32f4xx_ll_usb.o
                0x080019c6                USB_GetHostSpeed
 .text.USB_GetCurrentFrame
                0x080019dc        0xa build/stm32f4xx_ll_usb.o
                0x080019dc                USB_GetCurrentFrame
 .text.USB_HC_Init
                0x080019e6      0x126 build/stm32f4xx_ll_usb.o
                0x080019e6                USB_HC_Init
 .text.USB_HC_ReadInterrupt
                0x08001b0c        0xa build/stm32f4xx_ll_usb.o
                0x08001b0c                USB_HC_ReadInterrupt
 .text.USB_HC_Halt
                0x08001b16       0xe6 build/stm32f4xx_ll_usb.o
                0x08001b16                USB_HC_Halt
 .text.USB_DoPing
                0x08001bfc       0x24 build/stm32f4xx_ll_usb.o
                0x08001bfc                USB_DoPing
 .text.USB_HC_StartXfer
                0x08001c20      0x168 build/stm32f4xx_ll_usb.o
                0x08001c20                USB_HC_StartXfer
 .text.USB_StopHost
                0x08001d88       0x92 build/stm32f4xx_ll_usb.o
                0x08001d88                USB_StopHost
 *fill*         0x08001e1a        0x2 
 .text.HAL_RCC_OscConfig
                0x08001e1c      0x3f8 build/stm32f4xx_hal_rcc.o
                0x08001e1c                HAL_RCC_OscConfig
 .text.HAL_RCC_GetSysClockFreq
                0x08002214       0xdc build/stm32f4xx_hal_rcc.o
                0x08002214                HAL_RCC_GetSysClockFreq
 .text.HAL_RCC_ClockConfig
                0x080022f0      0x160 build/stm32f4xx_hal_rcc.o
                0x080022f0                HAL_RCC_ClockConfig
 .text.HAL_RCC_GetHCLKFreq
                0x08002450        0xc build/stm32f4xx_hal_rcc.o
                0x08002450                HAL_RCC_GetHCLKFreq
 .text.HAL_RCC_GetPCLK1Freq
                0x0800245c       0x20 build/stm32f4xx_hal_rcc.o
                0x0800245c                HAL_RCC_GetPCLK1Freq
 .text.HAL_RCCEx_PeriphCLKConfig
                0x0800247c      0x154 build/stm32f4xx_hal_rcc_ex.o
                0x0800247c                HAL_RCCEx_PeriphCLKConfig
 .text.HAL_RCCEx_GetPeriphCLKFreq
                0x080025d0       0x74 build/stm32f4xx_hal_rcc_ex.o
                0x080025d0                HAL_RCCEx_GetPeriphCLKFreq
 .text.HAL_GPIO_Init
                0x08002644      0x1ec build/stm32f4xx_hal_gpio.o
                0x08002644                HAL_GPIO_Init
 .text.HAL_GPIO_WritePin
                0x08002830        0xc build/stm32f4xx_hal_gpio.o
                0x08002830                HAL_GPIO_WritePin
 .text.__NVIC_SetPriority
                0x0800283c       0x28 build/stm32f4xx_hal_cortex.o
 .text.NVIC_EncodePriority
                0x08002864       0x3e build/stm32f4xx_hal_cortex.o
 *fill*         0x080028a2        0x2 
 .text.HAL_NVIC_SetPriorityGrouping
                0x080028a4       0x24 build/stm32f4xx_hal_cortex.o
                0x080028a4                HAL_NVIC_SetPriorityGrouping
 .text.HAL_NVIC_SetPriority
                0x080028c8       0x20 build/stm32f4xx_hal_cortex.o
                0x080028c8                HAL_NVIC_SetPriority
 .text.HAL_NVIC_EnableIRQ
                0x080028e8       0x1c build/stm32f4xx_hal_cortex.o
                0x080028e8                HAL_NVIC_EnableIRQ
 .text.HAL_SYSTICK_Config
                0x08002904       0x28 build/stm32f4xx_hal_cortex.o
                0x08002904                HAL_SYSTICK_Config
 .text.HAL_InitTick
                0x0800292c       0x4c build/stm32f4xx_hal.o
                0x0800292c                HAL_InitTick
 .text.HAL_Init
                0x08002978       0x34 build/stm32f4xx_hal.o
                0x08002978                HAL_Init
 .text.HAL_IncTick
                0x080029ac       0x18 build/stm32f4xx_hal.o
                0x080029ac                HAL_IncTick
 .text.HAL_GetTick
                0x080029c4        0xc build/stm32f4xx_hal.o
                0x080029c4                HAL_GetTick
 .text.HAL_Delay
                0x080029d0       0x28 build/stm32f4xx_hal.o
                0x080029d0                HAL_Delay
 .text.HAL_I2C_Init
                0x080029f8      0x1bc build/stm32f4xx_hal_i2c.o
                0x080029f8                HAL_I2C_Init
 .text.HAL_I2S_Init
                0x08002bb4      0x19c build/stm32f4xx_hal_i2s.o
                0x08002bb4                HAL_I2S_Init
 .text.HAL_I2S_TxCpltCallback
                0x08002d50        0x2 build/stm32f4xx_hal_i2s.o
                0x08002d50                HAL_I2S_TxCpltCallback
 .text.I2S_Transmit_IT
                0x08002d52       0x38 build/stm32f4xx_hal_i2s.o
 .text.HAL_I2S_RxCpltCallback
                0x08002d8a        0x2 build/stm32f4xx_hal_i2s.o
                0x08002d8a                HAL_I2S_RxCpltCallback
 .text.I2S_Receive_IT
                0x08002d8c       0x38 build/stm32f4xx_hal_i2s.o
 .text.HAL_I2S_ErrorCallback
                0x08002dc4        0x2 build/stm32f4xx_hal_i2s.o
                0x08002dc4                HAL_I2S_ErrorCallback
 .text.I2S_IRQHandler
                0x08002dc6       0xd0 build/stm32f4xx_hal_i2s.o
 .text.HAL_I2SEx_TxRxCpltCallback
                0x08002e96        0x2 build/stm32f4xx_hal_i2s_ex.o
                0x08002e96                HAL_I2SEx_TxRxCpltCallback
 .text.I2SEx_TxISR_I2S
                0x08002e98       0x3c build/stm32f4xx_hal_i2s_ex.o
 .text.I2SEx_RxISR_I2SExt
                0x08002ed4       0x64 build/stm32f4xx_hal_i2s_ex.o
 .text.I2SEx_TxISR_I2SExt
                0x08002f38       0x64 build/stm32f4xx_hal_i2s_ex.o
 .text.I2SEx_RxISR_I2S
                0x08002f9c       0x3c build/stm32f4xx_hal_i2s_ex.o
 .text.HAL_I2SEx_FullDuplex_IRQHandler
                0x08002fd8      0x1d8 build/stm32f4xx_hal_i2s_ex.o
                0x08002fd8                HAL_I2SEx_FullDuplex_IRQHandler
 .text.HAL_SPI_Init
                0x080031b0       0xbe build/stm32f4xx_hal_spi.o
                0x080031b0                HAL_SPI_Init
 *fill*         0x0800326e        0x2 
 .text.SystemInit
                0x08003270       0x14 build/system_stm32f4xx.o
                0x08003270                SystemInit
 .text.DeInitStateMachine
                0x08003284       0x62 build/usbh_core.o
 .text.USBH_HandleSof
                0x080032e6       0x1a build/usbh_core.o
 .text.USBH_HandleEnum
                0x08003300      0x26e build/usbh_core.o
 .text.USBH_Init
                0x0800356e       0x3e build/usbh_core.o
                0x0800356e                USBH_Init
 .text.USBH_RegisterClass
                0x080035ac       0x22 build/usbh_core.o
                0x080035ac                USBH_RegisterClass
 .text.USBH_SelectInterface
                0x080035ce       0x14 build/usbh_core.o
                0x080035ce                USBH_SelectInterface
 .text.USBH_FindInterface
                0x080035e2       0x54 build/usbh_core.o
                0x080035e2                USBH_FindInterface
 .text.USBH_Start
                0x08003636       0x14 build/usbh_core.o
                0x08003636                USBH_Start
 .text.USBH_Process
                0x0800364a      0x28e build/usbh_core.o
                0x0800364a                USBH_Process
 .text.USBH_LL_SetTimer
                0x080038d8        0x6 build/usbh_core.o
                0x080038d8                USBH_LL_SetTimer
 .text.USBH_LL_IncTimer
                0x080038de       0x12 build/usbh_core.o
                0x080038de                USBH_LL_IncTimer
 .text.USBH_LL_PortEnabled
                0x080038f0        0x8 build/usbh_core.o
                0x080038f0                USBH_LL_PortEnabled
 .text.USBH_LL_PortDisabled
                0x080038f8        0x8 build/usbh_core.o
                0x080038f8                USBH_LL_PortDisabled
 .text.USBH_LL_Connect
                0x08003900       0x14 build/usbh_core.o
                0x08003900                USBH_LL_Connect
 .text.USBH_LL_Disconnect
                0x08003914       0x2c build/usbh_core.o
                0x08003914                USBH_LL_Disconnect
 .text.USBH_ParseDevDesc
                0x08003940       0x84 build/usbh_ctlreq.o
 .text.USBH_ParseInterfaceDesc
                0x080039c4       0x26 build/usbh_ctlreq.o
 .text.USBH_ParseEPDesc
                0x080039ea       0x98 build/usbh_ctlreq.o
 .text.USBH_ParseStringDesc
                0x08003a82       0x32 build/usbh_ctlreq.o
 .text.USBH_HandleControl
                0x08003ab4      0x1d8 build/usbh_ctlreq.o
 .text.USBH_GetNextDesc
                0x08003c8c        0xe build/usbh_ctlreq.o
                0x08003c8c                USBH_GetNextDesc
 .text.USBH_ParseCfgDesc
                0x08003c9a      0x166 build/usbh_ctlreq.o
 .text.USBH_CtlReq
                0x08003e00       0x40 build/usbh_ctlreq.o
                0x08003e00                USBH_CtlReq
 .text.USBH_GetDescriptor
                0x08003e40       0x42 build/usbh_ctlreq.o
                0x08003e40                USBH_GetDescriptor
 .text.USBH_Get_DevDesc
                0x08003e82       0x32 build/usbh_ctlreq.o
                0x08003e82                USBH_Get_DevDesc
 .text.USBH_Get_CfgDesc
                0x08003eb4       0x2c build/usbh_ctlreq.o
                0x08003eb4                USBH_Get_CfgDesc
 .text.USBH_Get_StringDesc
                0x08003ee0       0x30 build/usbh_ctlreq.o
                0x08003ee0                USBH_Get_StringDesc
 .text.USBH_SetAddress
                0x08003f10       0x22 build/usbh_ctlreq.o
                0x08003f10                USBH_SetAddress
 .text.USBH_SetCfg
                0x08003f32       0x22 build/usbh_ctlreq.o
                0x08003f32                USBH_SetCfg
 .text.USBH_SetFeature
                0x08003f54       0x22 build/usbh_ctlreq.o
                0x08003f54                USBH_SetFeature
 .text.USBH_ClrFeature
                0x08003f76       0x24 build/usbh_ctlreq.o
                0x08003f76                USBH_ClrFeature
 .text.USBH_CtlSendSetup
                0x08003f9a       0x22 build/usbh_ioreq.o
                0x08003f9a                USBH_CtlSendSetup
 .text.USBH_CtlSendData
                0x08003fbc       0x2c build/usbh_ioreq.o
                0x08003fbc                USBH_CtlSendData
 .text.USBH_CtlReceiveData
                0x08003fe8       0x20 build/usbh_ioreq.o
                0x08003fe8                USBH_CtlReceiveData
 .text.USBH_BulkSendData
                0x08004008       0x2c build/usbh_ioreq.o
                0x08004008                USBH_BulkSendData
 .text.USBH_BulkReceiveData
                0x08004034       0x20 build/usbh_ioreq.o
                0x08004034                USBH_BulkReceiveData
 .text.USBH_GetFreePipe
                0x08004054       0x26 build/usbh_pipes.o
 .text.USBH_OpenPipe
                0x0800407a       0x20 build/usbh_pipes.o
                0x0800407a                USBH_OpenPipe
 .text.USBH_ClosePipe
                0x0800409a        0xa build/usbh_pipes.o
                0x0800409a                USBH_ClosePipe
 .text.USBH_AllocPipe
                0x080040a4       0x26 build/usbh_pipes.o
                0x080040a4                USBH_AllocPipe
 .text.USBH_FreePipe
                0x080040ca       0x16 build/usbh_pipes.o
                0x080040ca                USBH_FreePipe
 .text.USBH_CDC_SOFProcess
                0x080040e0        0x4 build/usbh_cdc.o
 .text.SetLineCoding
                0x080040e4       0x1a build/usbh_cdc.o
 .text.GetLineCoding
                0x080040fe       0x1a build/usbh_cdc.o
 .text.USBH_CDC_ClassRequest
                0x08004118       0x22 build/usbh_cdc.o
 .text.USBH_CDC_InterfaceDeInit
                0x0800413a       0x68 build/usbh_cdc.o
 .text.USBH_CDC_InterfaceInit
                0x080041a2      0x186 build/usbh_cdc.o
 .text.USBH_CDC_TransmitCallback
                0x08004328        0x2 build/usbh_cdc.o
                0x08004328                USBH_CDC_TransmitCallback
 .text.CDC_ProcessTransmission
                0x0800432a       0x94 build/usbh_cdc.o
 .text.USBH_CDC_ReceiveCallback
                0x080043be        0x2 build/usbh_cdc.o
                0x080043be                USBH_CDC_ReceiveCallback
 .text.CDC_ProcessReception
                0x080043c0       0x68 build/usbh_cdc.o
 .text.USBH_CDC_LineCodingChanged
                0x08004428        0x2 build/usbh_cdc.o
                0x08004428                USBH_CDC_LineCodingChanged
 .text.USBH_CDC_Process
                0x0800442a       0xae build/usbh_cdc.o
 .text.Reset_Handler
                0x080044d8       0x50 build/startup_stm32f407xx.o
                0x080044d8                Reset_Handler
 .text.Default_Handler
                0x08004528        0x2 build/startup_stm32f407xx.o
                0x08004528                RTC_Alarm_IRQHandler
                0x08004528                HASH_RNG_IRQHandler
                0x08004528                EXTI2_IRQHandler
                0x08004528                TIM8_CC_IRQHandler
                0x08004528                TIM1_CC_IRQHandler
                0x08004528                DMA2_Stream5_IRQHandler
                0x08004528                DMA1_Stream5_IRQHandler
                0x08004528                PVD_IRQHandler
                0x08004528                SDIO_IRQHandler
                0x08004528                TAMP_STAMP_IRQHandler
                0x08004528                CAN2_RX1_IRQHandler
                0x08004528                EXTI3_IRQHandler
                0x08004528                TIM8_TRG_COM_TIM14_IRQHandler
                0x08004528                TIM1_UP_TIM10_IRQHandler
                0x08004528                TIM8_UP_TIM13_IRQHandler
                0x08004528                I2C3_ER_IRQHandler
                0x08004528                EXTI0_IRQHandler
                0x08004528                I2C2_EV_IRQHandler
                0x08004528                DMA1_Stream2_IRQHandler
                0x08004528                CAN1_RX0_IRQHandler
                0x08004528                FPU_IRQHandler
                0x08004528                OTG_HS_WKUP_IRQHandler
                0x08004528                CAN2_SCE_IRQHandler
                0x08004528                DMA2_Stream2_IRQHandler
                0x08004528                SPI1_IRQHandler
                0x08004528                TIM6_DAC_IRQHandler
                0x08004528                TIM1_BRK_TIM9_IRQHandler
                0x08004528                DCMI_IRQHandler
                0x08004528                CAN2_RX0_IRQHandler
                0x08004528                DMA2_Stream3_IRQHandler
                0x08004528                USART6_IRQHandler
                0x08004528                USART3_IRQHandler
                0x08004528                CAN1_RX1_IRQHandler
                0x08004528                UART5_IRQHandler
                0x08004528                DMA2_Stream0_IRQHandler
                0x08004528                TIM4_IRQHandler
                0x08004528                I2C1_EV_IRQHandler
                0x08004528                DMA1_Stream6_IRQHandler
                0x08004528                DMA1_Stream1_IRQHandler
                0x08004528                UART4_IRQHandler
                0x08004528                TIM3_IRQHandler
                0x08004528                RCC_IRQHandler
                0x08004528                TIM8_BRK_TIM12_IRQHandler
                0x08004528                Default_Handler
                0x08004528                EXTI15_10_IRQHandler
                0x08004528                ADC_IRQHandler
                0x08004528                DMA1_Stream7_IRQHandler
                0x08004528                TIM7_IRQHandler
                0x08004528                CAN2_TX_IRQHandler
                0x08004528                TIM5_IRQHandler
                0x08004528                DMA2_Stream7_IRQHandler
                0x08004528                I2C3_EV_IRQHandler
                0x08004528                EXTI9_5_IRQHandler
                0x08004528                RTC_WKUP_IRQHandler
                0x08004528                ETH_WKUP_IRQHandler
                0x08004528                SPI2_IRQHandler
                0x08004528                OTG_HS_EP1_IN_IRQHandler
                0x08004528                DMA1_Stream0_IRQHandler
                0x08004528                CAN1_TX_IRQHandler
                0x08004528                EXTI4_IRQHandler
                0x08004528                FSMC_IRQHandler
                0x08004528                ETH_IRQHandler
                0x08004528                OTG_HS_EP1_OUT_IRQHandler
                0x08004528                WWDG_IRQHandler
                0x08004528                TIM2_IRQHandler
                0x08004528                OTG_FS_WKUP_IRQHandler
                0x08004528                TIM1_TRG_COM_TIM11_IRQHandler
                0x08004528                OTG_HS_IRQHandler
                0x08004528                EXTI1_IRQHandler
                0x08004528                USART2_IRQHandler
                0x08004528                I2C2_ER_IRQHandler
                0x08004528                DMA2_Stream1_IRQHandler
                0x08004528                CAN1_SCE_IRQHandler
                0x08004528                FLASH_IRQHandler
                0x08004528                DMA2_Stream4_IRQHandler
                0x08004528                USART1_IRQHandler
                0x08004528                SPI3_IRQHandler
                0x08004528                DMA1_Stream4_IRQHandler
                0x08004528                I2C1_ER_IRQHandler
                0x08004528                DMA2_Stream6_IRQHandler
                0x08004528                DMA1_Stream3_IRQHandler
 *fill*         0x0800452a        0x2 
 .text.malloc   0x0800452c       0x10 c:/users/walter/toolchains/arm-gnu-toolchain-12.2.rel1-mingw-w64-i686-arm-none-eabi/bin/../lib/gcc/arm-none-eabi/12.2.1/thumb/v7e-m+fp/hard\libc_nano.a(libc_a-malloc.o)
                0x0800452c                malloc
 .text.free     0x0800453c       0x10 c:/users/walter/toolchains/arm-gnu-toolchain-12.2.rel1-mingw-w64-i686-arm-none-eabi/bin/../lib/gcc/arm-none-eabi/12.2.1/thumb/v7e-m+fp/hard\libc_nano.a(libc_a-malloc.o)
                0x0800453c                free
 .text.sbrk_aligned
                0x0800454c       0x44 c:/users/walter/toolchains/arm-gnu-toolchain-12.2.rel1-mingw-w64-i686-arm-none-eabi/bin/../lib/gcc/arm-none-eabi/12.2.1/thumb/v7e-m+fp/hard\libc_nano.a(libc_a-mallocr.o)
 .text._malloc_r
                0x08004590       0xf0 c:/users/walter/toolchains/arm-gnu-toolchain-12.2.rel1-mingw-w64-i686-arm-none-eabi/bin/../lib/gcc/arm-none-eabi/12.2.1/thumb/v7e-m+fp/hard\libc_nano.a(libc_a-mallocr.o)
                0x08004590                _malloc_r
 .text.__malloc_lock
                0x08004680        0xc c:/users/walter/toolchains/arm-gnu-toolchain-12.2.rel1-mingw-w64-i686-arm-none-eabi/bin/../lib/gcc/arm-none-eabi/12.2.1/thumb/v7e-m+fp/hard\libc_nano.a(libc_a-mlock.o)
                0x08004680                __malloc_lock
 .text.__malloc_unlock
                0x0800468c        0xc c:/users/walter/toolchains/arm-gnu-toolchain-12.2.rel1-mingw-w64-i686-arm-none-eabi/bin/../lib/gcc/arm-none-eabi/12.2.1/thumb/v7e-m+fp/hard\libc_nano.a(libc_a-mlock.o)
                0x0800468c                __malloc_unlock
 .text.memset   0x08004698       0x10 c:/users/walter/toolchains/arm-gnu-toolchain-12.2.rel1-mingw-w64-i686-arm-none-eabi/bin/../lib/gcc/arm-none-eabi/12.2.1/thumb/v7e-m+fp/hard\libc_nano.a(libc_a-memset.o)
                0x08004698                memset
 .text._sbrk_r  0x080046a8       0x20 c:/users/walter/toolchains/arm-gnu-toolchain-12.2.rel1-mingw-w64-i686-arm-none-eabi/bin/../lib/gcc/arm-none-eabi/12.2.1/thumb/v7e-m+fp/hard\libc_nano.a(libc_a-sbrkr.o)
                0x080046a8                _sbrk_r
 .text.__libc_init_array
                0x080046c8       0x48 c:/users/walter/toolchains/arm-gnu-toolchain-12.2.rel1-mingw-w64-i686-arm-none-eabi/bin/../lib/gcc/arm-none-eabi/12.2.1/thumb/v7e-m+fp/hard\libc_nano.a(libc_a-init.o)
                0x080046c8                __libc_init_array
 .text.__retarget_lock_acquire_recursive
                0x08004710        0x2 c:/users/walter/toolchains/arm-gnu-toolchain-12.2.rel1-mingw-w64-i686-arm-none-eabi/bin/../lib/gcc/arm-none-eabi/12.2.1/thumb/v7e-m+fp/hard\libc_nano.a(libc_a-lock.o)
                0x08004710                __retarget_lock_acquire_recursive
 .text.__retarget_lock_release_recursive
                0x08004712        0x2 c:/users/walter/toolchains/arm-gnu-toolchain-12.2.rel1-mingw-w64-i686-arm-none-eabi/bin/../lib/gcc/arm-none-eabi/12.2.1/thumb/v7e-m+fp/hard\libc_nano.a(libc_a-lock.o)
                0x08004712                __retarget_lock_release_recursive
 .text._free_r  0x08004714       0x94 c:/users/walter/toolchains/arm-gnu-toolchain-12.2.rel1-mingw-w64-i686-arm-none-eabi/bin/../lib/gcc/arm-none-eabi/12.2.1/thumb/v7e-m+fp/hard\libc_nano.a(libc_a-freer.o)
                0x08004714                _free_r
 .text._sbrk    0x080047a8       0x1c c:/users/walter/toolchains/arm-gnu-toolchain-12.2.rel1-mingw-w64-i686-arm-none-eabi/bin/../lib/gcc/arm-none-eabi/12.2.1/thumb/v7e-m+fp/hard\libnosys.a(sbrk.o)
                0x080047a8                _sbrk
 .text.__udivmoddi4
                0x080047c4      0x2bc c:/users/walter/toolchains/arm-gnu-toolchain-12.2.rel1-mingw-w64-i686-arm-none-eabi/bin/../lib/gcc/arm-none-eabi/12.2.1/thumb/v7e-m+fp/hard\libgcc.a(_udivmoddi4.o)
                0x080047c4                __udivmoddi4
 *(.glue_7)
 .glue_7        0x08004a80        0x0 linker stubs
 *(.glue_7t)
 .glue_7t       0x08004a80        0x0 linker stubs
 *(.eh_frame)
 .eh_frame      0x08004a80        0x0 c:/users/walter/toolchains/arm-gnu-toolchain-12.2.rel1-mingw-w64-i686-arm-none-eabi/bin/../lib/gcc/arm-none-eabi/12.2.1/thumb/v7e-m+fp/hard/crtbegin.o
 *(.init)
 .init          0x08004a80        0x4 c:/users/walter/toolchains/arm-gnu-toolchain-12.2.rel1-mingw-w64-i686-arm-none-eabi/bin/../lib/gcc/arm-none-eabi/12.2.1/thumb/v7e-m+fp/hard/crti.o
                0x08004a80                _init
 .init          0x08004a84        0x8 c:/users/walter/toolchains/arm-gnu-toolchain-12.2.rel1-mingw-w64-i686-arm-none-eabi/bin/../lib/gcc/arm-none-eabi/12.2.1/thumb/v7e-m+fp/hard/crtn.o
 *(.fini)
 .fini          0x08004a8c        0x4 c:/users/walter/toolchains/arm-gnu-toolchain-12.2.rel1-mingw-w64-i686-arm-none-eabi/bin/../lib/gcc/arm-none-eabi/12.2.1/thumb/v7e-m+fp/hard/crti.o
                0x08004a8c                _fini
 .fini          0x08004a90        0x8 c:/users/walter/toolchains/arm-gnu-toolchain-12.2.rel1-mingw-w64-i686-arm-none-eabi/bin/../lib/gcc/arm-none-eabi/12.2.1/thumb/v7e-m+fp/hard/crtn.o
                0x08004a98                . = ALIGN (0x4)
                0x08004a98                _etext = .

.vfp11_veneer   0x08004a98        0x0
 .vfp11_veneer  0x08004a98        0x0 linker stubs

.v4_bx          0x08004a98        0x0
 .v4_bx         0x08004a98        0x0 linker stubs

.iplt           0x08004a98        0x0
 .iplt          0x08004a98        0x0 c:/users/walter/toolchains/arm-gnu-toolchain-12.2.rel1-mingw-w64-i686-arm-none-eabi/bin/../lib/gcc/arm-none-eabi/12.2.1/thumb/v7e-m+fp/hard/crtbegin.o

.rodata         0x08004a98       0x1c
                0x08004a98                . = ALIGN (0x4)
 *(.rodata)
 *(.rodata*)
 .rodata.APBPrescTable
                0x08004a98        0x8 build/system_stm32f4xx.o
                0x08004a98                APBPrescTable
 .rodata.AHBPrescTable
                0x08004aa0       0x10 build/system_stm32f4xx.o
                0x08004aa0                AHBPrescTable
 .rodata.str1.4
                0x08004ab0        0x4 build/usbh_cdc.o
                0x08004ab4                . = ALIGN (0x4)

.ARM.extab
 *(.ARM.extab* .gnu.linkonce.armextab.*)

.ARM            0x08004ab4        0x8
                0x08004ab4                __exidx_start = .
 *(.ARM.exidx*)
 .ARM.exidx.text.__udivmoddi4
                0x08004ab4        0x8 c:/users/walter/toolchains/arm-gnu-toolchain-12.2.rel1-mingw-w64-i686-arm-none-eabi/bin/../lib/gcc/arm-none-eabi/12.2.1/thumb/v7e-m+fp/hard\libgcc.a(_udivmoddi4.o)
                0x08004abc                __exidx_end = .

.rel.dyn        0x08004abc        0x0
 .rel.iplt      0x08004abc        0x0 c:/users/walter/toolchains/arm-gnu-toolchain-12.2.rel1-mingw-w64-i686-arm-none-eabi/bin/../lib/gcc/arm-none-eabi/12.2.1/thumb/v7e-m+fp/hard/crtbegin.o

.preinit_array  0x08004abc        0x0
                0x08004abc                PROVIDE (__preinit_array_start = .)
 *(.preinit_array*)
                0x08004abc                PROVIDE (__preinit_array_end = .)

.init_array     0x08004abc        0x4
                0x08004abc                PROVIDE (__init_array_start = .)
 *(SORT_BY_NAME(.init_array.*))
 *(.init_array*)
 .init_array    0x08004abc        0x4 c:/users/walter/toolchains/arm-gnu-toolchain-12.2.rel1-mingw-w64-i686-arm-none-eabi/bin/../lib/gcc/arm-none-eabi/12.2.1/thumb/v7e-m+fp/hard/crtbegin.o
                0x08004ac0                PROVIDE (__init_array_end = .)

.fini_array     0x08004ac0        0x4
                [!provide]                PROVIDE (__fini_array_start = .)
 *(SORT_BY_NAME(.fini_array.*))
 *(.fini_array*)
 .fini_array    0x08004ac0        0x4 c:/users/walter/toolchains/arm-gnu-toolchain-12.2.rel1-mingw-w64-i686-arm-none-eabi/bin/../lib/gcc/arm-none-eabi/12.2.1/thumb/v7e-m+fp/hard/crtbegin.o
                [!provide]                PROVIDE (__fini_array_end = .)
                0x08004ac4                _sidata = LOADADDR (.data)

.data           0x20000000       0x7c load address 0x08004ac4
                0x20000000                . = ALIGN (0x4)
                0x20000000                _sdata = .
 *(.data)
 *(.data*)
 .data.uwTickFreq
                0x20000000        0x1 build/stm32f4xx_hal.o
                0x20000000                uwTickFreq
 *fill*         0x20000001        0x3 
 .data.uwTickPrio
                0x20000004        0x4 build/stm32f4xx_hal.o
                0x20000004                uwTickPrio
 .data.SystemCoreClock
                0x20000008        0x4 build/system_stm32f4xx.o
                0x20000008                SystemCoreClock
 .data.CDC_Class
                0x2000000c       0x20 build/usbh_cdc.o
                0x2000000c                CDC_Class
 .data._impure_ptr
                0x2000002c        0x4 c:/users/walter/toolchains/arm-gnu-toolchain-12.2.rel1-mingw-w64-i686-arm-none-eabi/bin/../lib/gcc/arm-none-eabi/12.2.1/thumb/v7e-m+fp/hard\libc_nano.a(libc_a-impure.o)
                0x2000002c                _impure_ptr
 .data._impure_data
                0x20000030       0x4c c:/users/walter/toolchains/arm-gnu-toolchain-12.2.rel1-mingw-w64-i686-arm-none-eabi/bin/../lib/gcc/arm-none-eabi/12.2.1/thumb/v7e-m+fp/hard\libc_nano.a(libc_a-impure.o)
                0x20000030                _impure_data
                0x2000007c                . = ALIGN (0x4)
                0x2000007c                _edata = .
                0x08004b40                _siccmram = LOADADDR (.ccmram)

.tm_clone_table
                0x2000007c        0x0 load address 0x08004b40
 .tm_clone_table
                0x2000007c        0x0 c:/users/walter/toolchains/arm-gnu-toolchain-12.2.rel1-mingw-w64-i686-arm-none-eabi/bin/../lib/gcc/arm-none-eabi/12.2.1/thumb/v7e-m+fp/hard/crtbegin.o
 .tm_clone_table
                0x2000007c        0x0 c:/users/walter/toolchains/arm-gnu-toolchain-12.2.rel1-mingw-w64-i686-arm-none-eabi/bin/../lib/gcc/arm-none-eabi/12.2.1/thumb/v7e-m+fp/hard/crtend.o

.igot.plt       0x2000007c        0x0 load address 0x08004b40
 .igot.plt      0x2000007c        0x0 c:/users/walter/toolchains/arm-gnu-toolchain-12.2.rel1-mingw-w64-i686-arm-none-eabi/bin/../lib/gcc/arm-none-eabi/12.2.1/thumb/v7e-m+fp/hard/crtbegin.o

.ccmram         0x10000000        0x0 load address 0x08004b40
                0x10000000                . = ALIGN (0x4)
                0x10000000                _sccmram = .
 *(.ccmram)
 *(.ccmram*)
                0x10000000                . = ALIGN (0x4)
                0x10000000                _eccmram = .
                0x10000000                . = ALIGN (0x4)

.bss            0x2000007c      0x940
                0x2000007c                _sbss = .
                0x2000007c                __bss_start__ = _sbss
 *(.bss)
 *(.bss*)
 .bss.completed.1
                0x2000007c        0x1 c:/users/walter/toolchains/arm-gnu-toolchain-12.2.rel1-mingw-w64-i686-arm-none-eabi/bin/../lib/gcc/arm-none-eabi/12.2.1/thumb/v7e-m+fp/hard/crtbegin.o
 *fill*         0x2000007d        0x3 
 .bss.object.0  0x20000080       0x18 c:/users/walter/toolchains/arm-gnu-toolchain-12.2.rel1-mingw-w64-i686-arm-none-eabi/bin/../lib/gcc/arm-none-eabi/12.2.1/thumb/v7e-m+fp/hard/crtbegin.o
 .bss.hspi1     0x20000098       0x58 build/main.o
                0x20000098                hspi1
 .bss.hi2s3     0x200000f0       0x48 build/main.o
                0x200000f0                hi2s3
 .bss.hi2c1     0x20000138       0x54 build/main.o
                0x20000138                hi2c1
 .bss.Appli_state
                0x2000018c        0x1 build/usb_host.o
                0x2000018c                Appli_state
 *fill*         0x2000018d        0x3 
 .bss.hUsbHostFS
                0x20000190      0x3d8 build/usb_host.o
                0x20000190                hUsbHostFS
 .bss.hhcd_USB_OTG_FS
                0x20000568      0x304 build/usbh_conf.o
                0x20000568                hhcd_USB_OTG_FS
 .bss.uwTick    0x2000086c        0x4 build/stm32f4xx_hal.o
                0x2000086c                uwTick
 .bss.__malloc_sbrk_start
                0x20000870        0x4 c:/users/walter/toolchains/arm-gnu-toolchain-12.2.rel1-mingw-w64-i686-arm-none-eabi/bin/../lib/gcc/arm-none-eabi/12.2.1/thumb/v7e-m+fp/hard\libc_nano.a(libc_a-mallocr.o)
                0x20000870                __malloc_sbrk_start
 .bss.__malloc_free_list
                0x20000874        0x4 c:/users/walter/toolchains/arm-gnu-toolchain-12.2.rel1-mingw-w64-i686-arm-none-eabi/bin/../lib/gcc/arm-none-eabi/12.2.1/thumb/v7e-m+fp/hard\libc_nano.a(libc_a-mallocr.o)
                0x20000874                __malloc_free_list
 .bss.__sf      0x20000878      0x138 c:/users/walter/toolchains/arm-gnu-toolchain-12.2.rel1-mingw-w64-i686-arm-none-eabi/bin/../lib/gcc/arm-none-eabi/12.2.1/thumb/v7e-m+fp/hard\libc_nano.a(libc_a-findfp.o)
                0x20000878                __sf
 .bss.errno     0x200009b0        0x4 c:/users/walter/toolchains/arm-gnu-toolchain-12.2.rel1-mingw-w64-i686-arm-none-eabi/bin/../lib/gcc/arm-none-eabi/12.2.1/thumb/v7e-m+fp/hard\libc_nano.a(libc_a-reent.o)
                0x200009b0                errno
 .bss.__lock___malloc_recursive_mutex
                0x200009b4        0x1 c:/users/walter/toolchains/arm-gnu-toolchain-12.2.rel1-mingw-w64-i686-arm-none-eabi/bin/../lib/gcc/arm-none-eabi/12.2.1/thumb/v7e-m+fp/hard\libc_nano.a(libc_a-lock.o)
                0x200009b4                __lock___malloc_recursive_mutex
 *fill*         0x200009b5        0x3 
 .bss.heap_end.0
                0x200009b8        0x4 c:/users/walter/toolchains/arm-gnu-toolchain-12.2.rel1-mingw-w64-i686-arm-none-eabi/bin/../lib/gcc/arm-none-eabi/12.2.1/thumb/v7e-m+fp/hard\libnosys.a(sbrk.o)
 *(COMMON)
                0x200009bc                . = ALIGN (0x4)
                0x200009bc                _ebss = .
                0x200009bc                __bss_end__ = _ebss

._user_heap_stack
                0x200009bc      0x604
                0x200009c0                . = ALIGN (0x8)
 *fill*         0x200009bc        0x4 
                0x200009c0                PROVIDE (end = .)
                [!provide]                PROVIDE (_end = .)
                0x20000bc0                . = (. + _Min_Heap_Size)
 *fill*         0x200009c0      0x200 
                0x20000fc0                . = (. + _Min_Stack_Size)
 *fill*         0x20000bc0      0x400 
                0x20000fc0                . = ALIGN (0x8)

/DISCARD/
 libc.a(*)
 libm.a(*)
 libgcc.a(*)

.ARM.attributes
                0x00000000       0x30
 *(.ARM.attributes)
 .ARM.attributes
                0x00000000       0x22 c:/users/walter/toolchains/arm-gnu-toolchain-12.2.rel1-mingw-w64-i686-arm-none-eabi/bin/../lib/gcc/arm-none-eabi/12.2.1/thumb/v7e-m+fp/hard/crti.o
 .ARM.attributes
                0x00000022       0x34 c:/users/walter/toolchains/arm-gnu-toolchain-12.2.rel1-mingw-w64-i686-arm-none-eabi/bin/../lib/gcc/arm-none-eabi/12.2.1/thumb/v7e-m+fp/hard/crtbegin.o
 .ARM.attributes
                0x00000056       0x34 build/main.o
 .ARM.attributes
                0x0000008a       0x34 build/stm32f4xx_it.o
 .ARM.attributes
                0x000000be       0x34 build/stm32f4xx_hal_msp.o
 .ARM.attributes
                0x000000f2       0x34 build/usb_host.o
 .ARM.attributes
                0x00000126       0x34 build/usbh_conf.o
 .ARM.attributes
                0x0000015a       0x34 build/usbh_platform.o
 .ARM.attributes
                0x0000018e       0x34 build/stm32f4xx_hal_hcd.o
 .ARM.attributes
                0x000001c2       0x34 build/stm32f4xx_ll_usb.o
 .ARM.attributes
                0x000001f6       0x34 build/stm32f4xx_hal_rcc.o
 .ARM.attributes
                0x0000022a       0x34 build/stm32f4xx_hal_rcc_ex.o
 .ARM.attributes
                0x0000025e       0x34 build/stm32f4xx_hal_gpio.o
 .ARM.attributes
                0x00000292       0x34 build/stm32f4xx_hal_cortex.o
 .ARM.attributes
                0x000002c6       0x34 build/stm32f4xx_hal.o
 .ARM.attributes
                0x000002fa       0x34 build/stm32f4xx_hal_i2c.o
 .ARM.attributes
                0x0000032e       0x34 build/stm32f4xx_hal_i2s.o
 .ARM.attributes
                0x00000362       0x34 build/stm32f4xx_hal_i2s_ex.o
 .ARM.attributes
                0x00000396       0x34 build/stm32f4xx_hal_spi.o
 .ARM.attributes
                0x000003ca       0x34 build/system_stm32f4xx.o
 .ARM.attributes
                0x000003fe       0x34 build/usbh_core.o
 .ARM.attributes
                0x00000432       0x34 build/usbh_ctlreq.o
 .ARM.attributes
                0x00000466       0x34 build/usbh_ioreq.o
 .ARM.attributes
                0x0000049a       0x34 build/usbh_pipes.o
 .ARM.attributes
                0x000004ce       0x34 build/usbh_cdc.o
 .ARM.attributes
                0x00000502       0x21 build/startup_stm32f407xx.o
 .ARM.attributes
                0x00000523       0x34 c:/users/walter/toolchains/arm-gnu-toolchain-12.2.rel1-mingw-w64-i686-arm-none-eabi/bin/../lib/gcc/arm-none-eabi/12.2.1/thumb/v7e-m+fp/hard\libc_nano.a(libc_a-malloc.o)
 .ARM.attributes
                0x00000557       0x34 c:/users/walter/toolchains/arm-gnu-toolchain-12.2.rel1-mingw-w64-i686-arm-none-eabi/bin/../lib/gcc/arm-none-eabi/12.2.1/thumb/v7e-m+fp/hard\libc_nano.a(libc_a-mallocr.o)
 .ARM.attributes
                0x0000058b       0x34 c:/users/walter/toolchains/arm-gnu-toolchain-12.2.rel1-mingw-w64-i686-arm-none-eabi/bin/../lib/gcc/arm-none-eabi/12.2.1/thumb/v7e-m+fp/hard\libc_nano.a(libc_a-mlock.o)
 .ARM.attributes
                0x000005bf       0x34 c:/users/walter/toolchains/arm-gnu-toolchain-12.2.rel1-mingw-w64-i686-arm-none-eabi/bin/../lib/gcc/arm-none-eabi/12.2.1/thumb/v7e-m+fp/hard\libc_nano.a(libc_a-findfp.o)
 .ARM.attributes
                0x000005f3       0x34 c:/users/walter/toolchains/arm-gnu-toolchain-12.2.rel1-mingw-w64-i686-arm-none-eabi/bin/../lib/gcc/arm-none-eabi/12.2.1/thumb/v7e-m+fp/hard\libc_nano.a(libc_a-memset.o)
 .ARM.attributes
                0x00000627       0x34 c:/users/walter/toolchains/arm-gnu-toolchain-12.2.rel1-mingw-w64-i686-arm-none-eabi/bin/../lib/gcc/arm-none-eabi/12.2.1/thumb/v7e-m+fp/hard\libc_nano.a(libc_a-reent.o)
 .ARM.attributes
                0x0000065b       0x34 c:/users/walter/toolchains/arm-gnu-toolchain-12.2.rel1-mingw-w64-i686-arm-none-eabi/bin/../lib/gcc/arm-none-eabi/12.2.1/thumb/v7e-m+fp/hard\libc_nano.a(libc_a-impure.o)
 .ARM.attributes
                0x0000068f       0x34 c:/users/walter/toolchains/arm-gnu-toolchain-12.2.rel1-mingw-w64-i686-arm-none-eabi/bin/../lib/gcc/arm-none-eabi/12.2.1/thumb/v7e-m+fp/hard\libc_nano.a(libc_a-sbrkr.o)
 .ARM.attributes
                0x000006c3       0x34 c:/users/walter/toolchains/arm-gnu-toolchain-12.2.rel1-mingw-w64-i686-arm-none-eabi/bin/../lib/gcc/arm-none-eabi/12.2.1/thumb/v7e-m+fp/hard\libc_nano.a(libc_a-init.o)
 .ARM.attributes
                0x000006f7       0x34 c:/users/walter/toolchains/arm-gnu-toolchain-12.2.rel1-mingw-w64-i686-arm-none-eabi/bin/../lib/gcc/arm-none-eabi/12.2.1/thumb/v7e-m+fp/hard\libc_nano.a(libc_a-lock.o)
 .ARM.attributes
                0x0000072b       0x34 c:/users/walter/toolchains/arm-gnu-toolchain-12.2.rel1-mingw-w64-i686-arm-none-eabi/bin/../lib/gcc/arm-none-eabi/12.2.1/thumb/v7e-m+fp/hard\libc_nano.a(libc_a-freer.o)
 .ARM.attributes
                0x0000075f       0x34 c:/users/walter/toolchains/arm-gnu-toolchain-12.2.rel1-mingw-w64-i686-arm-none-eabi/bin/../lib/gcc/arm-none-eabi/12.2.1/thumb/v7e-m+fp/hard\libnosys.a(sbrk.o)
 .ARM.attributes
                0x00000793       0x22 c:/users/walter/toolchains/arm-gnu-toolchain-12.2.rel1-mingw-w64-i686-arm-none-eabi/bin/../lib/gcc/arm-none-eabi/12.2.1/thumb/v7e-m+fp/hard\libgcc.a(_aeabi_uldivmod.o)
 .ARM.attributes
                0x000007b5       0x34 c:/users/walter/toolchains/arm-gnu-toolchain-12.2.rel1-mingw-w64-i686-arm-none-eabi/bin/../lib/gcc/arm-none-eabi/12.2.1/thumb/v7e-m+fp/hard\libgcc.a(_udivmoddi4.o)
 .ARM.attributes
                0x000007e9       0x22 c:/users/walter/toolchains/arm-gnu-toolchain-12.2.rel1-mingw-w64-i686-arm-none-eabi/bin/../lib/gcc/arm-none-eabi/12.2.1/thumb/v7e-m+fp/hard\libgcc.a(_dvmd_tls.o)
 .ARM.attributes
                0x0000080b       0x34 c:/users/walter/toolchains/arm-gnu-toolchain-12.2.rel1-mingw-w64-i686-arm-none-eabi/bin/../lib/gcc/arm-none-eabi/12.2.1/thumb/v7e-m+fp/hard/crtend.o
 .ARM.attributes
                0x0000083f       0x22 c:/users/walter/toolchains/arm-gnu-toolchain-12.2.rel1-mingw-w64-i686-arm-none-eabi/bin/../lib/gcc/arm-none-eabi/12.2.1/thumb/v7e-m+fp/hard/crtn.o
OUTPUT(build/STM32F407_Drivers.elf elf32-littlearm)
LOAD linker stubs
LOAD c:/users/walter/toolchains/arm-gnu-toolchain-12.2.rel1-mingw-w64-i686-arm-none-eabi/bin/../lib/gcc/arm-none-eabi/12.2.1/thumb/v7e-m+fp/hard\libc.a
LOAD c:/users/walter/toolchains/arm-gnu-toolchain-12.2.rel1-mingw-w64-i686-arm-none-eabi/bin/../lib/gcc/arm-none-eabi/12.2.1/thumb/v7e-m+fp/hard\libm.a
LOAD c:/users/walter/toolchains/arm-gnu-toolchain-12.2.rel1-mingw-w64-i686-arm-none-eabi/bin/../lib/gcc/arm-none-eabi/12.2.1/thumb/v7e-m+fp/hard\libgcc.a

.debug_info     0x00000000    0x1b95b
 .debug_info    0x00000000     0x15e2 build/main.o
 .debug_info    0x000015e2      0x737 build/stm32f4xx_it.o
 .debug_info    0x00001d19     0x132f build/stm32f4xx_hal_msp.o
 .debug_info    0x00003048      0xc0f build/usb_host.o
 .debug_info    0x00003c57     0x2297 build/usbh_conf.o
 .debug_info    0x00005eee      0x225 build/usbh_platform.o
 .debug_info    0x00006113     0x16f5 build/stm32f4xx_hal_hcd.o
 .debug_info    0x00007808     0x2157 build/stm32f4xx_ll_usb.o
 .debug_info    0x0000995f      0xc0a build/stm32f4xx_hal_rcc.o
 .debug_info    0x0000a569      0x700 build/stm32f4xx_hal_rcc_ex.o
 .debug_info    0x0000ac69      0x848 build/stm32f4xx_hal_gpio.o
 .debug_info    0x0000b4b1     0x115a build/stm32f4xx_hal_cortex.o
 .debug_info    0x0000c60b      0xafa build/stm32f4xx_hal.o
 .debug_info    0x0000d105     0x3b72 build/stm32f4xx_hal_i2c.o
 .debug_info    0x00010c77     0x12fd build/stm32f4xx_hal_i2s.o
 .debug_info    0x00011f74      0xf04 build/stm32f4xx_hal_i2s_ex.o
 .debug_info    0x00012e78     0x2042 build/stm32f4xx_hal_spi.o
 .debug_info    0x00014eba      0x5b3 build/system_stm32f4xx.o
 .debug_info    0x0001546d     0x1766 build/usbh_core.o
 .debug_info    0x00016bd3     0x15aa build/usbh_ctlreq.o
 .debug_info    0x0001817d     0x103d build/usbh_ioreq.o
 .debug_info    0x000191ba      0xc92 build/usbh_pipes.o
 .debug_info    0x00019e4c     0x1adf build/usbh_cdc.o
 .debug_info    0x0001b92b       0x30 build/startup_stm32f407xx.o

.debug_abbrev   0x00000000     0x3cc4
 .debug_abbrev  0x00000000      0x298 build/main.o
 .debug_abbrev  0x00000298      0x183 build/stm32f4xx_it.o
 .debug_abbrev  0x0000041b      0x23c build/stm32f4xx_hal_msp.o
 .debug_abbrev  0x00000657      0x293 build/usb_host.o
 .debug_abbrev  0x000008ea      0x3dd build/usbh_conf.o
 .debug_abbrev  0x00000cc7      0x12e build/usbh_platform.o
 .debug_abbrev  0x00000df5      0x2cf build/stm32f4xx_hal_hcd.o
 .debug_abbrev  0x000010c4      0x33d build/stm32f4xx_ll_usb.o
 .debug_abbrev  0x00001401      0x2de build/stm32f4xx_hal_rcc.o
 .debug_abbrev  0x000016df      0x1dc build/stm32f4xx_hal_rcc_ex.o
 .debug_abbrev  0x000018bb      0x22b build/stm32f4xx_hal_gpio.o
 .debug_abbrev  0x00001ae6      0x3d3 build/stm32f4xx_hal_cortex.o
 .debug_abbrev  0x00001eb9      0x244 build/stm32f4xx_hal.o
 .debug_abbrev  0x000020fd      0x328 build/stm32f4xx_hal_i2c.o
 .debug_abbrev  0x00002425      0x2a9 build/stm32f4xx_hal_i2s.o
 .debug_abbrev  0x000026ce      0x2d7 build/stm32f4xx_hal_i2s_ex.o
 .debug_abbrev  0x000029a5      0x2c6 build/stm32f4xx_hal_spi.o
 .debug_abbrev  0x00002c6b      0x11b build/system_stm32f4xx.o
 .debug_abbrev  0x00002d86      0x371 build/usbh_core.o
 .debug_abbrev  0x000030f7      0x351 build/usbh_ctlreq.o
 .debug_abbrev  0x00003448      0x23d build/usbh_ioreq.o
 .debug_abbrev  0x00003685      0x2a3 build/usbh_pipes.o
 .debug_abbrev  0x00003928      0x37f build/usbh_cdc.o
 .debug_abbrev  0x00003ca7       0x1d build/startup_stm32f407xx.o

.debug_loc      0x00000000    0x12a40
 .debug_loc     0x00000000       0xff build/main.o
 .debug_loc     0x000000ff       0x40 build/stm32f4xx_it.o
 .debug_loc     0x0000013f      0x2d5 build/stm32f4xx_hal_msp.o
 .debug_loc     0x00000414       0x40 build/usb_host.o
 .debug_loc     0x00000454      0xba7 build/usbh_conf.o
 .debug_loc     0x00000ffb       0x67 build/usbh_platform.o
 .debug_loc     0x00001062     0x13df build/stm32f4xx_hal_hcd.o
 .debug_loc     0x00002441     0x2878 build/stm32f4xx_ll_usb.o
 .debug_loc     0x00004cb9      0x6e4 build/stm32f4xx_hal_rcc.o
 .debug_loc     0x0000539d      0x456 build/stm32f4xx_hal_rcc_ex.o
 .debug_loc     0x000057f3      0x5db build/stm32f4xx_hal_gpio.o
 .debug_loc     0x00005dce      0x7a7 build/stm32f4xx_hal_cortex.o
 .debug_loc     0x00006575      0x1e1 build/stm32f4xx_hal.o
 .debug_loc     0x00006756     0x4de1 build/stm32f4xx_hal_i2c.o
 .debug_loc     0x0000b537     0x1314 build/stm32f4xx_hal_i2s.o
 .debug_loc     0x0000c84b      0xc9c build/stm32f4xx_hal_i2s_ex.o
 .debug_loc     0x0000d4e7     0x2501 build/stm32f4xx_hal_spi.o
 .debug_loc     0x0000f9e8      0x158 build/system_stm32f4xx.o
 .debug_loc     0x0000fb40      0xac2 build/usbh_core.o
 .debug_loc     0x00010602     0x118a build/usbh_ctlreq.o
 .debug_loc     0x0001178c      0x750 build/usbh_ioreq.o
 .debug_loc     0x00011edc      0x27e build/usbh_pipes.o
 .debug_loc     0x0001215a      0x8e6 build/usbh_cdc.o

.debug_aranges  0x00000000     0x10b0
 .debug_aranges
                0x00000000       0x50 build/main.o
 .debug_aranges
                0x00000050       0x68 build/stm32f4xx_it.o
 .debug_aranges
                0x000000b8       0x50 build/stm32f4xx_hal_msp.o
 .debug_aranges
                0x00000108       0x30 build/usb_host.o
 .debug_aranges
                0x00000138       0xd8 build/usbh_conf.o
 .debug_aranges
                0x00000210       0x20 build/usbh_platform.o
 .debug_aranges
                0x00000230       0xf8 build/stm32f4xx_hal_hcd.o
 .debug_aranges
                0x00000328      0x1a0 build/stm32f4xx_ll_usb.o
 .debug_aranges
                0x000004c8       0x88 build/stm32f4xx_hal_rcc.o
 .debug_aranges
                0x00000550       0x48 build/stm32f4xx_hal_rcc_ex.o
 .debug_aranges
                0x00000598       0x58 build/stm32f4xx_hal_gpio.o
 .debug_aranges
                0x000005f0       0xd8 build/stm32f4xx_hal_cortex.o
 .debug_aranges
                0x000006c8       0xf0 build/stm32f4xx_hal.o
 .debug_aranges
                0x000007b8      0x2a0 build/stm32f4xx_hal_i2c.o
 .debug_aranges
                0x00000a58      0x108 build/stm32f4xx_hal_i2s.o
 .debug_aranges
                0x00000b60       0x88 build/stm32f4xx_hal_i2s_ex.o
 .debug_aranges
                0x00000be8      0x1d0 build/stm32f4xx_hal_spi.o
 .debug_aranges
                0x00000db8       0x28 build/system_stm32f4xx.o
 .debug_aranges
                0x00000de0       0xc0 build/usbh_core.o
 .debug_aranges
                0x00000ea0       0xa0 build/usbh_ctlreq.o
 .debug_aranges
                0x00000f40       0x60 build/usbh_ioreq.o
 .debug_aranges
                0x00000fa0       0x40 build/usbh_pipes.o
 .debug_aranges
                0x00000fe0       0xa8 build/usbh_cdc.o
 .debug_aranges
                0x00001088       0x28 build/startup_stm32f407xx.o

.debug_ranges   0x00000000      0xfb0
 .debug_ranges  0x00000000       0x40 build/main.o
 .debug_ranges  0x00000040       0x58 build/stm32f4xx_it.o
 .debug_ranges  0x00000098       0x40 build/stm32f4xx_hal_msp.o
 .debug_ranges  0x000000d8       0x20 build/usb_host.o
 .debug_ranges  0x000000f8       0xc8 build/usbh_conf.o
 .debug_ranges  0x000001c0       0x10 build/usbh_platform.o
 .debug_ranges  0x000001d0       0xe8 build/stm32f4xx_hal_hcd.o
 .debug_ranges  0x000002b8      0x190 build/stm32f4xx_ll_usb.o
 .debug_ranges  0x00000448       0x90 build/stm32f4xx_hal_rcc.o
 .debug_ranges  0x000004d8       0x38 build/stm32f4xx_hal_rcc_ex.o
 .debug_ranges  0x00000510       0x48 build/stm32f4xx_hal_gpio.o
 .debug_ranges  0x00000558       0xc8 build/stm32f4xx_hal_cortex.o
 .debug_ranges  0x00000620       0xe0 build/stm32f4xx_hal.o
 .debug_ranges  0x00000700      0x2a8 build/stm32f4xx_hal_i2c.o
 .debug_ranges  0x000009a8      0x128 build/stm32f4xx_hal_i2s.o
 .debug_ranges  0x00000ad0       0x90 build/stm32f4xx_hal_i2s_ex.o
 .debug_ranges  0x00000b60      0x1c0 build/stm32f4xx_hal_spi.o
 .debug_ranges  0x00000d20       0x18 build/system_stm32f4xx.o
 .debug_ranges  0x00000d38       0xb0 build/usbh_core.o
 .debug_ranges  0x00000de8       0x90 build/usbh_ctlreq.o
 .debug_ranges  0x00000e78       0x50 build/usbh_ioreq.o
 .debug_ranges  0x00000ec8       0x30 build/usbh_pipes.o
 .debug_ranges  0x00000ef8       0x98 build/usbh_cdc.o
 .debug_ranges  0x00000f90       0x20 build/startup_stm32f407xx.o

.debug_line     0x00000000    0x13d70
 .debug_line    0x00000000      0x68a build/main.o
 .debug_line    0x0000068a      0x310 build/stm32f4xx_it.o
 .debug_line    0x0000099a      0x4ad build/stm32f4xx_hal_msp.o
 .debug_line    0x00000e47      0x281 build/usb_host.o
 .debug_line    0x000010c8      0x723 build/usbh_conf.o
 .debug_line    0x000017eb      0x1dd build/usbh_platform.o
 .debug_line    0x000019c8     0x10b8 build/stm32f4xx_hal_hcd.o
 .debug_line    0x00002a80     0x1f4b build/stm32f4xx_ll_usb.o
 .debug_line    0x000049cb      0xb4a build/stm32f4xx_hal_rcc.o
 .debug_line    0x00005515      0x628 build/stm32f4xx_hal_rcc_ex.o
 .debug_line    0x00005b3d      0x704 build/stm32f4xx_hal_gpio.o
 .debug_line    0x00006241      0x858 build/stm32f4xx_hal_cortex.o
 .debug_line    0x00006a99      0x5ad build/stm32f4xx_hal.o
 .debug_line    0x00007046     0x53e1 build/stm32f4xx_hal_i2c.o
 .debug_line    0x0000c427     0x1418 build/stm32f4xx_hal_i2s.o
 .debug_line    0x0000d83f     0x115a build/stm32f4xx_hal_i2s_ex.o
 .debug_line    0x0000e999     0x2538 build/stm32f4xx_hal_spi.o
 .debug_line    0x00010ed1      0x295 build/system_stm32f4xx.o
 .debug_line    0x00011166      0xe04 build/usbh_core.o
 .debug_line    0x00011f6a      0xcd2 build/usbh_ctlreq.o
 .debug_line    0x00012c3c      0x31f build/usbh_ioreq.o
 .debug_line    0x00012f5b      0x2a9 build/usbh_pipes.o
 .debug_line    0x00013204      0xaf6 build/usbh_cdc.o
 .debug_line    0x00013cfa       0x76 build/startup_stm32f407xx.o

.debug_str      0x00000000     0x558e
 .debug_str     0x00000000      0xca1 build/main.o
                                0xd96 (size before relaxing)
 .debug_str     0x00000ca1      0x447 build/stm32f4xx_it.o
                                0x671 (size before relaxing)
 .debug_str     0x000010e8      0x15f build/stm32f4xx_hal_msp.o
                                0xc97 (size before relaxing)
 .debug_str     0x00001247      0x846 build/usb_host.o
                                0xa98 (size before relaxing)
 .debug_str     0x00001a8d      0x9d8 build/usbh_conf.o
                               0x192d (size before relaxing)
 .debug_str     0x00002465       0x25 build/usbh_platform.o
                                0x236 (size before relaxing)
 .debug_str     0x0000248a      0x34f build/stm32f4xx_hal_hcd.o
                                0xb2a (size before relaxing)
 .debug_str     0x000027d9      0x513 build/stm32f4xx_ll_usb.o
                                0xc77 (size before relaxing)
 .debug_str     0x00002cec      0x225 build/stm32f4xx_hal_rcc.o
                                0x6de (size before relaxing)
 .debug_str     0x00002f11       0xf6 build/stm32f4xx_hal_rcc_ex.o
                                0x49f (size before relaxing)
 .debug_str     0x00003007      0x117 build/stm32f4xx_hal_gpio.o
                                0x4b8 (size before relaxing)
 .debug_str     0x0000311e      0x4a7 build/stm32f4xx_hal_cortex.o
                                0xc04 (size before relaxing)
 .debug_str     0x000035c5      0x295 build/stm32f4xx_hal.o
                                0xb3c (size before relaxing)
 .debug_str     0x0000385a      0x8b3 build/stm32f4xx_hal_i2c.o
                               0x1008 (size before relaxing)
 .debug_str     0x0000410d      0x284 build/stm32f4xx_hal_i2s.o
                                0x928 (size before relaxing)
 .debug_str     0x00004391      0x1ce build/stm32f4xx_hal_i2s_ex.o
                                0x849 (size before relaxing)
 .debug_str     0x0000455f      0x4eb build/stm32f4xx_hal_spi.o
                                0xbd2 (size before relaxing)
 .debug_str     0x00004a4a       0x47 build/system_stm32f4xx.o
                                0x34d (size before relaxing)
 .debug_str     0x00004a91      0x1d0 build/usbh_core.o
                                0xcd4 (size before relaxing)
 .debug_str     0x00004c61      0x1ff build/usbh_ctlreq.o
                                0xcc6 (size before relaxing)
 .debug_str     0x00004e60       0xbb build/usbh_ioreq.o
                                0xacb (size before relaxing)
 .debug_str     0x00004f1b       0x64 build/usbh_pipes.o
                                0xa61 (size before relaxing)
 .debug_str     0x00004f7f      0x5dd build/usbh_cdc.o
                               0x1145 (size before relaxing)
 .debug_str     0x0000555c       0x32 build/startup_stm32f407xx.o
                                 0x5a (size before relaxing)

.comment        0x00000000       0x45
 .comment       0x00000000       0x45 build/main.o
                                 0x46 (size before relaxing)
 .comment       0x00000045       0x46 build/stm32f4xx_it.o
 .comment       0x00000045       0x46 build/stm32f4xx_hal_msp.o
 .comment       0x00000045       0x46 build/usb_host.o
 .comment       0x00000045       0x46 build/usbh_conf.o
 .comment       0x00000045       0x46 build/usbh_platform.o
 .comment       0x00000045       0x46 build/stm32f4xx_hal_hcd.o
 .comment       0x00000045       0x46 build/stm32f4xx_ll_usb.o
 .comment       0x00000045       0x46 build/stm32f4xx_hal_rcc.o
 .comment       0x00000045       0x46 build/stm32f4xx_hal_rcc_ex.o
 .comment       0x00000045       0x46 build/stm32f4xx_hal_gpio.o
 .comment       0x00000045       0x46 build/stm32f4xx_hal_cortex.o
 .comment       0x00000045       0x46 build/stm32f4xx_hal.o
 .comment       0x00000045       0x46 build/stm32f4xx_hal_i2c.o
 .comment       0x00000045       0x46 build/stm32f4xx_hal_i2s.o
 .comment       0x00000045       0x46 build/stm32f4xx_hal_i2s_ex.o
 .comment       0x00000045       0x46 build/stm32f4xx_hal_spi.o
 .comment       0x00000045       0x46 build/system_stm32f4xx.o
 .comment       0x00000045       0x46 build/usbh_core.o
 .comment       0x00000045       0x46 build/usbh_ctlreq.o
 .comment       0x00000045       0x46 build/usbh_ioreq.o
 .comment       0x00000045       0x46 build/usbh_pipes.o
 .comment       0x00000045       0x46 build/usbh_cdc.o

.debug_frame    0x00000000     0x3230
 .debug_frame   0x00000000       0xcc build/main.o
 .debug_frame   0x000000cc       0xc0 build/stm32f4xx_it.o
 .debug_frame   0x0000018c       0xdc build/stm32f4xx_hal_msp.o
 .debug_frame   0x00000268       0x50 build/usb_host.o
 .debug_frame   0x000002b8      0x24c build/usbh_conf.o
 .debug_frame   0x00000504       0x28 build/usbh_platform.o
 .debug_frame   0x0000052c      0x2a8 build/stm32f4xx_hal_hcd.o
 .debug_frame   0x000007d4      0x49c build/stm32f4xx_ll_usb.o
 .debug_frame   0x00000c70      0x16c build/stm32f4xx_hal_rcc.o
 .debug_frame   0x00000ddc       0xa4 build/stm32f4xx_hal_rcc_ex.o
 .debug_frame   0x00000e80       0xd8 build/stm32f4xx_hal_gpio.o
 .debug_frame   0x00000f58      0x1cc build/stm32f4xx_hal_cortex.o
 .debug_frame   0x00001124      0x1ec build/stm32f4xx_hal.o
 .debug_frame   0x00001310      0x970 build/stm32f4xx_hal_i2c.o
 .debug_frame   0x00001c80      0x324 build/stm32f4xx_hal_i2s.o
 .debug_frame   0x00001fa4      0x184 build/stm32f4xx_hal_i2s_ex.o
 .debug_frame   0x00002128      0x5a4 build/stm32f4xx_hal_spi.o
 .debug_frame   0x000026cc       0x30 build/system_stm32f4xx.o
 .debug_frame   0x000026fc      0x1e8 build/usbh_core.o
 .debug_frame   0x000028e4      0x1e0 build/usbh_ctlreq.o
 .debug_frame   0x00002ac4      0x130 build/usbh_ioreq.o
 .debug_frame   0x00002bf4       0x84 build/usbh_pipes.o
 .debug_frame   0x00002c78      0x1b0 build/usbh_cdc.o
 .debug_frame   0x00002e28       0x30 c:/users/walter/toolchains/arm-gnu-toolchain-12.2.rel1-mingw-w64-i686-arm-none-eabi/bin/../lib/gcc/arm-none-eabi/12.2.1/thumb/v7e-m+fp/hard\libc_nano.a(libc_a-malloc.o)
 .debug_frame   0x00002e58       0x4c c:/users/walter/toolchains/arm-gnu-toolchain-12.2.rel1-mingw-w64-i686-arm-none-eabi/bin/../lib/gcc/arm-none-eabi/12.2.1/thumb/v7e-m+fp/hard\libc_nano.a(libc_a-mallocr.o)
 .debug_frame   0x00002ea4       0x30 c:/users/walter/toolchains/arm-gnu-toolchain-12.2.rel1-mingw-w64-i686-arm-none-eabi/bin/../lib/gcc/arm-none-eabi/12.2.1/thumb/v7e-m+fp/hard\libc_nano.a(libc_a-mlock.o)
 .debug_frame   0x00002ed4      0x144 c:/users/walter/toolchains/arm-gnu-toolchain-12.2.rel1-mingw-w64-i686-arm-none-eabi/bin/../lib/gcc/arm-none-eabi/12.2.1/thumb/v7e-m+fp/hard\libc_nano.a(libc_a-findfp.o)
 .debug_frame   0x00003018       0x20 c:/users/walter/toolchains/arm-gnu-toolchain-12.2.rel1-mingw-w64-i686-arm-none-eabi/bin/../lib/gcc/arm-none-eabi/12.2.1/thumb/v7e-m+fp/hard\libc_nano.a(libc_a-memset.o)
 .debug_frame   0x00003038       0x38 c:/users/walter/toolchains/arm-gnu-toolchain-12.2.rel1-mingw-w64-i686-arm-none-eabi/bin/../lib/gcc/arm-none-eabi/12.2.1/thumb/v7e-m+fp/hard\libc_nano.a(libc_a-reent.o)
 .debug_frame   0x00003070       0x2c c:/users/walter/toolchains/arm-gnu-toolchain-12.2.rel1-mingw-w64-i686-arm-none-eabi/bin/../lib/gcc/arm-none-eabi/12.2.1/thumb/v7e-m+fp/hard\libc_nano.a(libc_a-sbrkr.o)
 .debug_frame   0x0000309c       0x2c c:/users/walter/toolchains/arm-gnu-toolchain-12.2.rel1-mingw-w64-i686-arm-none-eabi/bin/../lib/gcc/arm-none-eabi/12.2.1/thumb/v7e-m+fp/hard\libc_nano.a(libc_a-init.o)
 .debug_frame   0x000030c8       0xb0 c:/users/walter/toolchains/arm-gnu-toolchain-12.2.rel1-mingw-w64-i686-arm-none-eabi/bin/../lib/gcc/arm-none-eabi/12.2.1/thumb/v7e-m+fp/hard\libc_nano.a(libc_a-lock.o)
 .debug_frame   0x00003178       0x38 c:/users/walter/toolchains/arm-gnu-toolchain-12.2.rel1-mingw-w64-i686-arm-none-eabi/bin/../lib/gcc/arm-none-eabi/12.2.1/thumb/v7e-m+fp/hard\libc_nano.a(libc_a-freer.o)
 .debug_frame   0x000031b0       0x20 c:/users/walter/toolchains/arm-gnu-toolchain-12.2.rel1-mingw-w64-i686-arm-none-eabi/bin/../lib/gcc/arm-none-eabi/12.2.1/thumb/v7e-m+fp/hard\libnosys.a(sbrk.o)
 .debug_frame   0x000031d0       0x2c c:/users/walter/toolchains/arm-gnu-toolchain-12.2.rel1-mingw-w64-i686-arm-none-eabi/bin/../lib/gcc/arm-none-eabi/12.2.1/thumb/v7e-m+fp/hard\libgcc.a(_aeabi_uldivmod.o)
 .debug_frame   0x000031fc       0x34 c:/users/walter/toolchains/arm-gnu-toolchain-12.2.rel1-mingw-w64-i686-arm-none-eabi/bin/../lib/gcc/arm-none-eabi/12.2.1/thumb/v7e-m+fp/hard\libgcc.a(_udivmoddi4.o)

.debug_line_str
                0x00000000       0xd5
 .debug_line_str
                0x00000000       0xc9 c:/users/walter/toolchains/arm-gnu-toolchain-12.2.rel1-mingw-w64-i686-arm-none-eabi/bin/../lib/gcc/arm-none-eabi/12.2.1/thumb/v7e-m+fp/hard\libgcc.a(_aeabi_uldivmod.o)
 .debug_line_str
                0x000000c9        0xc c:/users/walter/toolchains/arm-gnu-toolchain-12.2.rel1-mingw-w64-i686-arm-none-eabi/bin/../lib/gcc/arm-none-eabi/12.2.1/thumb/v7e-m+fp/hard\libgcc.a(_dvmd_tls.o)
                                 0xcd (size before relaxing)

Cross Reference Table

Symbol                                            File
ADC_IRQHandler                                    build/startup_stm32f407xx.o
AHBPrescTable                                     build/system_stm32f4xx.o
                                                  build/stm32f4xx_hal_rcc.o
APBPrescTable                                     build/system_stm32f4xx.o
                                                  build/stm32f4xx_hal_rcc.o
Appli_state                                       build/usb_host.o
BusFault_Handler                                  build/stm32f4xx_it.o
CAN1_RX0_IRQHandler                               build/startup_stm32f407xx.o
CAN1_RX1_IRQHandler                               build/startup_stm32f407xx.o
CAN1_SCE_IRQHandler                               build/startup_stm32f407xx.o
CAN1_TX_IRQHandler                                build/startup_stm32f407xx.o
CAN2_RX0_IRQHandler                               build/startup_stm32f407xx.o
CAN2_RX1_IRQHandler                               build/startup_stm32f407xx.o
CAN2_SCE_IRQHandler                               build/startup_stm32f407xx.o
CAN2_TX_IRQHandler                                build/startup_stm32f407xx.o
CDC_Class                                         build/usbh_cdc.o
                                                  build/usb_host.o
DCMI_IRQHandler                                   build/startup_stm32f407xx.o
DMA1_Stream0_IRQHandler                           build/startup_stm32f407xx.o
DMA1_Stream1_IRQHandler                           build/startup_stm32f407xx.o
DMA1_Stream2_IRQHandler                           build/startup_stm32f407xx.o
DMA1_Stream3_IRQHandler                           build/startup_stm32f407xx.o
DMA1_Stream4_IRQHandler                           build/startup_stm32f407xx.o
DMA1_Stream5_IRQHandler                           build/startup_stm32f407xx.o
DMA1_Stream6_IRQHandler                           build/startup_stm32f407xx.o
DMA1_Stream7_IRQHandler                           build/startup_stm32f407xx.o
DMA2_Stream0_IRQHandler                           build/startup_stm32f407xx.o
DMA2_Stream1_IRQHandler                           build/startup_stm32f407xx.o
DMA2_Stream2_IRQHandler                           build/startup_stm32f407xx.o
DMA2_Stream3_IRQHandler                           build/startup_stm32f407xx.o
DMA2_Stream4_IRQHandler                           build/startup_stm32f407xx.o
DMA2_Stream5_IRQHandler                           build/startup_stm32f407xx.o
DMA2_Stream6_IRQHandler                           build/startup_stm32f407xx.o
DMA2_Stream7_IRQHandler                           build/startup_stm32f407xx.o
DebugMon_Handler                                  build/stm32f4xx_it.o
Default_Handler                                   build/startup_stm32f407xx.o
ETH_IRQHandler                                    build/startup_stm32f407xx.o
ETH_WKUP_IRQHandler                               build/startup_stm32f407xx.o
EXTI0_IRQHandler                                  build/startup_stm32f407xx.o
EXTI15_10_IRQHandler                              build/startup_stm32f407xx.o
EXTI1_IRQHandler                                  build/startup_stm32f407xx.o
EXTI2_IRQHandler                                  build/startup_stm32f407xx.o
EXTI3_IRQHandler                                  build/startup_stm32f407xx.o
EXTI4_IRQHandler                                  build/startup_stm32f407xx.o
EXTI9_5_IRQHandler                                build/startup_stm32f407xx.o
Error_Handler                                     build/main.o
                                                  build/usbh_conf.o
                                                  build/usb_host.o
                                                  build/stm32f4xx_hal_msp.o
FLASH_Erase_Sector                                build/stm32f4xx_hal_flash_ex.o
                                                  build/stm32f4xx_hal_flash.o
FLASH_FlushCaches                                 build/stm32f4xx_hal_flash_ex.o
                                                  build/stm32f4xx_hal_flash.o
FLASH_IRQHandler                                  build/startup_stm32f407xx.o
FLASH_WaitForLastOperation                        build/stm32f4xx_hal_flash.o
                                                  build/stm32f4xx_hal_flash_ex.o
FPU_IRQHandler                                    build/startup_stm32f407xx.o
FSMC_IRQHandler                                   build/startup_stm32f407xx.o
HAL_DBGMCU_DisableDBGSleepMode                    build/stm32f4xx_hal.o
HAL_DBGMCU_DisableDBGStandbyMode                  build/stm32f4xx_hal.o
HAL_DBGMCU_DisableDBGStopMode                     build/stm32f4xx_hal.o
HAL_DBGMCU_EnableDBGSleepMode                     build/stm32f4xx_hal.o
HAL_DBGMCU_EnableDBGStandbyMode                   build/stm32f4xx_hal.o
HAL_DBGMCU_EnableDBGStopMode                      build/stm32f4xx_hal.o
HAL_DMAEx_ChangeMemory                            build/stm32f4xx_hal_dma_ex.o
HAL_DMAEx_MultiBufferStart                        build/stm32f4xx_hal_dma_ex.o
HAL_DMAEx_MultiBufferStart_IT                     build/stm32f4xx_hal_dma_ex.o
HAL_DMA_Abort                                     build/stm32f4xx_hal_dma.o
                                                  build/stm32f4xx_hal_spi.o
                                                  build/stm32f4xx_hal_i2s.o
HAL_DMA_Abort_IT                                  build/stm32f4xx_hal_dma.o
                                                  build/stm32f4xx_hal_spi.o
                                                  build/stm32f4xx_hal_i2c.o
HAL_DMA_DeInit                                    build/stm32f4xx_hal_dma.o
HAL_DMA_GetError                                  build/stm32f4xx_hal_dma.o
                                                  build/stm32f4xx_hal_i2c.o
HAL_DMA_GetState                                  build/stm32f4xx_hal_dma.o
                                                  build/stm32f4xx_hal_i2c.o
HAL_DMA_IRQHandler                                build/stm32f4xx_hal_dma.o
HAL_DMA_Init                                      build/stm32f4xx_hal_dma.o
HAL_DMA_PollForTransfer                           build/stm32f4xx_hal_dma.o
HAL_DMA_RegisterCallback                          build/stm32f4xx_hal_dma.o
HAL_DMA_Start                                     build/stm32f4xx_hal_dma.o
HAL_DMA_Start_IT                                  build/stm32f4xx_hal_dma.o
                                                  build/stm32f4xx_hal_spi.o
                                                  build/stm32f4xx_hal_i2s_ex.o
                                                  build/stm32f4xx_hal_i2s.o
                                                  build/stm32f4xx_hal_i2c.o
HAL_DMA_UnRegisterCallback                        build/stm32f4xx_hal_dma.o
HAL_DeInit                                        build/stm32f4xx_hal.o
HAL_Delay                                         build/stm32f4xx_hal.o
                                                  build/stm32f4xx_ll_usb.o
                                                  build/usbh_conf.o
HAL_DisableCompensationCell                       build/stm32f4xx_hal.o
HAL_EXTI_ClearConfigLine                          build/stm32f4xx_hal_exti.o
HAL_EXTI_ClearPending                             build/stm32f4xx_hal_exti.o
HAL_EXTI_GenerateSWI                              build/stm32f4xx_hal_exti.o
HAL_EXTI_GetConfigLine                            build/stm32f4xx_hal_exti.o
HAL_EXTI_GetHandle                                build/stm32f4xx_hal_exti.o
HAL_EXTI_GetPending                               build/stm32f4xx_hal_exti.o
HAL_EXTI_IRQHandler                               build/stm32f4xx_hal_exti.o
HAL_EXTI_RegisterCallback                         build/stm32f4xx_hal_exti.o
HAL_EXTI_SetConfigLine                            build/stm32f4xx_hal_exti.o
HAL_EnableCompensationCell                        build/stm32f4xx_hal.o
HAL_FLASHEx_Erase                                 build/stm32f4xx_hal_flash_ex.o
HAL_FLASHEx_Erase_IT                              build/stm32f4xx_hal_flash_ex.o
HAL_FLASHEx_OBGetConfig                           build/stm32f4xx_hal_flash_ex.o
HAL_FLASHEx_OBProgram                             build/stm32f4xx_hal_flash_ex.o
HAL_FLASH_EndOfOperationCallback                  build/stm32f4xx_hal_flash.o
HAL_FLASH_GetError                                build/stm32f4xx_hal_flash.o
HAL_FLASH_IRQHandler                              build/stm32f4xx_hal_flash.o
HAL_FLASH_Lock                                    build/stm32f4xx_hal_flash.o
HAL_FLASH_OB_Launch                               build/stm32f4xx_hal_flash.o
HAL_FLASH_OB_Lock                                 build/stm32f4xx_hal_flash.o
HAL_FLASH_OB_Unlock                               build/stm32f4xx_hal_flash.o
HAL_FLASH_OperationErrorCallback                  build/stm32f4xx_hal_flash.o
HAL_FLASH_Program                                 build/stm32f4xx_hal_flash.o
HAL_FLASH_Program_IT                              build/stm32f4xx_hal_flash.o
HAL_FLASH_Unlock                                  build/stm32f4xx_hal_flash.o
HAL_GPIO_DeInit                                   build/stm32f4xx_hal_gpio.o
                                                  build/usbh_conf.o
                                                  build/stm32f4xx_hal_msp.o
HAL_GPIO_EXTI_Callback                            build/stm32f4xx_hal_gpio.o
HAL_GPIO_EXTI_IRQHandler                          build/stm32f4xx_hal_gpio.o
HAL_GPIO_Init                                     build/stm32f4xx_hal_gpio.o
                                                  build/stm32f4xx_hal_rcc.o
                                                  build/usbh_conf.o
                                                  build/stm32f4xx_hal_msp.o
                                                  build/main.o
HAL_GPIO_LockPin                                  build/stm32f4xx_hal_gpio.o
HAL_GPIO_ReadPin                                  build/stm32f4xx_hal_gpio.o
HAL_GPIO_TogglePin                                build/stm32f4xx_hal_gpio.o
HAL_GPIO_WritePin                                 build/stm32f4xx_hal_gpio.o
                                                  build/usbh_platform.o
                                                  build/main.o
HAL_GetDEVID                                      build/stm32f4xx_hal.o
HAL_GetHalVersion                                 build/stm32f4xx_hal.o
HAL_GetREVID                                      build/stm32f4xx_hal.o
HAL_GetTick                                       build/stm32f4xx_hal.o
                                                  build/stm32f4xx_hal_spi.o
                                                  build/stm32f4xx_hal_i2s_ex.o
                                                  build/stm32f4xx_hal_i2s.o
                                                  build/stm32f4xx_hal_i2c.o
                                                  build/stm32f4xx_hal_pwr_ex.o
                                                  build/stm32f4xx_hal_dma.o
                                                  build/stm32f4xx_hal_flash.o
                                                  build/stm32f4xx_hal_rcc_ex.o
                                                  build/stm32f4xx_hal_rcc.o
HAL_GetTickFreq                                   build/stm32f4xx_hal.o
HAL_GetTickPrio                                   build/stm32f4xx_hal.o
HAL_GetUIDw0                                      build/stm32f4xx_hal.o
HAL_GetUIDw1                                      build/stm32f4xx_hal.o
HAL_GetUIDw2                                      build/stm32f4xx_hal.o
HAL_HCD_Connect_Callback                          build/usbh_conf.o
HAL_HCD_DeInit                                    build/stm32f4xx_hal_hcd.o
                                                  build/usbh_conf.o
HAL_HCD_Disconnect_Callback                       build/usbh_conf.o
HAL_HCD_GetCurrentFrame                           build/stm32f4xx_hal_hcd.o
                                                  build/usbh_conf.o
HAL_HCD_GetCurrentSpeed                           build/stm32f4xx_hal_hcd.o
                                                  build/usbh_conf.o
HAL_HCD_GetState                                  build/stm32f4xx_hal_hcd.o
HAL_HCD_HC_GetState                               build/stm32f4xx_hal_hcd.o
HAL_HCD_HC_GetURBState                            build/stm32f4xx_hal_hcd.o
                                                  build/usbh_conf.o
HAL_HCD_HC_GetXferCount                           build/stm32f4xx_hal_hcd.o
                                                  build/usbh_conf.o
HAL_HCD_HC_Halt                                   build/stm32f4xx_hal_hcd.o
                                                  build/usbh_conf.o
HAL_HCD_HC_Init                                   build/stm32f4xx_hal_hcd.o
                                                  build/usbh_conf.o
HAL_HCD_HC_NotifyURBChange_Callback               build/usbh_conf.o
HAL_HCD_HC_SubmitRequest                          build/stm32f4xx_hal_hcd.o
                                                  build/usbh_conf.o
HAL_HCD_IRQHandler                                build/stm32f4xx_hal_hcd.o
                                                  build/stm32f4xx_it.o
HAL_HCD_Init                                      build/stm32f4xx_hal_hcd.o
                                                  build/usbh_conf.o
HAL_HCD_MspDeInit                                 build/usbh_conf.o
HAL_HCD_MspInit                                   build/usbh_conf.o
HAL_HCD_PortDisabled_Callback                     build/usbh_conf.o
HAL_HCD_PortEnabled_Callback                      build/usbh_conf.o
HAL_HCD_ResetPort                                 build/stm32f4xx_hal_hcd.o
                                                  build/usbh_conf.o
HAL_HCD_SOF_Callback                              build/usbh_conf.o
HAL_HCD_Start                                     build/stm32f4xx_hal_hcd.o
                                                  build/usbh_conf.o
HAL_HCD_Stop                                      build/stm32f4xx_hal_hcd.o
                                                  build/usbh_conf.o
HAL_HCD_WKUP_IRQHandler                           build/stm32f4xx_hal_hcd.o
HAL_I2C_AbortCpltCallback                         build/stm32f4xx_hal_i2c.o
HAL_I2C_AddrCallback                              build/stm32f4xx_hal_i2c.o
HAL_I2C_DeInit                                    build/stm32f4xx_hal_i2c.o
HAL_I2C_DisableListen_IT                          build/stm32f4xx_hal_i2c.o
HAL_I2C_ER_IRQHandler                             build/stm32f4xx_hal_i2c.o
HAL_I2C_EV_IRQHandler                             build/stm32f4xx_hal_i2c.o
HAL_I2C_EnableListen_IT                           build/stm32f4xx_hal_i2c.o
HAL_I2C_ErrorCallback                             build/stm32f4xx_hal_i2c.o
HAL_I2C_GetError                                  build/stm32f4xx_hal_i2c.o
HAL_I2C_GetMode                                   build/stm32f4xx_hal_i2c.o
HAL_I2C_GetState                                  build/stm32f4xx_hal_i2c.o
HAL_I2C_Init                                      build/stm32f4xx_hal_i2c.o
                                                  build/main.o
HAL_I2C_IsDeviceReady                             build/stm32f4xx_hal_i2c.o
HAL_I2C_ListenCpltCallback                        build/stm32f4xx_hal_i2c.o
HAL_I2C_MasterRxCpltCallback                      build/stm32f4xx_hal_i2c.o
HAL_I2C_MasterTxCpltCallback                      build/stm32f4xx_hal_i2c.o
HAL_I2C_Master_Abort_IT                           build/stm32f4xx_hal_i2c.o
HAL_I2C_Master_Receive                            build/stm32f4xx_hal_i2c.o
HAL_I2C_Master_Receive_DMA                        build/stm32f4xx_hal_i2c.o
HAL_I2C_Master_Receive_IT                         build/stm32f4xx_hal_i2c.o
HAL_I2C_Master_Seq_Receive_DMA                    build/stm32f4xx_hal_i2c.o
HAL_I2C_Master_Seq_Receive_IT                     build/stm32f4xx_hal_i2c.o
HAL_I2C_Master_Seq_Transmit_DMA                   build/stm32f4xx_hal_i2c.o
HAL_I2C_Master_Seq_Transmit_IT                    build/stm32f4xx_hal_i2c.o
HAL_I2C_Master_Transmit                           build/stm32f4xx_hal_i2c.o
HAL_I2C_Master_Transmit_DMA                       build/stm32f4xx_hal_i2c.o
HAL_I2C_Master_Transmit_IT                        build/stm32f4xx_hal_i2c.o
HAL_I2C_MemRxCpltCallback                         build/stm32f4xx_hal_i2c.o
HAL_I2C_MemTxCpltCallback                         build/stm32f4xx_hal_i2c.o
HAL_I2C_Mem_Read                                  build/stm32f4xx_hal_i2c.o
HAL_I2C_Mem_Read_DMA                              build/stm32f4xx_hal_i2c.o
HAL_I2C_Mem_Read_IT                               build/stm32f4xx_hal_i2c.o
HAL_I2C_Mem_Write                                 build/stm32f4xx_hal_i2c.o
HAL_I2C_Mem_Write_DMA                             build/stm32f4xx_hal_i2c.o
HAL_I2C_Mem_Write_IT                              build/stm32f4xx_hal_i2c.o
HAL_I2C_MspDeInit                                 build/stm32f4xx_hal_msp.o
HAL_I2C_MspInit                                   build/stm32f4xx_hal_msp.o
HAL_I2C_SlaveRxCpltCallback                       build/stm32f4xx_hal_i2c.o
HAL_I2C_SlaveTxCpltCallback                       build/stm32f4xx_hal_i2c.o
HAL_I2C_Slave_Receive                             build/stm32f4xx_hal_i2c.o
HAL_I2C_Slave_Receive_DMA                         build/stm32f4xx_hal_i2c.o
HAL_I2C_Slave_Receive_IT                          build/stm32f4xx_hal_i2c.o
HAL_I2C_Slave_Seq_Receive_DMA                     build/stm32f4xx_hal_i2c.o
HAL_I2C_Slave_Seq_Receive_IT                      build/stm32f4xx_hal_i2c.o
HAL_I2C_Slave_Seq_Transmit_DMA                    build/stm32f4xx_hal_i2c.o
HAL_I2C_Slave_Seq_Transmit_IT                     build/stm32f4xx_hal_i2c.o
HAL_I2C_Slave_Transmit                            build/stm32f4xx_hal_i2c.o
HAL_I2C_Slave_Transmit_DMA                        build/stm32f4xx_hal_i2c.o
HAL_I2C_Slave_Transmit_IT                         build/stm32f4xx_hal_i2c.o
HAL_I2SEx_FullDuplex_IRQHandler                   build/stm32f4xx_hal_i2s_ex.o
                                                  build/stm32f4xx_hal_i2s.o
HAL_I2SEx_TransmitReceive                         build/stm32f4xx_hal_i2s_ex.o
HAL_I2SEx_TransmitReceive_DMA                     build/stm32f4xx_hal_i2s_ex.o
HAL_I2SEx_TransmitReceive_IT                      build/stm32f4xx_hal_i2s_ex.o
HAL_I2SEx_TxRxCpltCallback                        build/stm32f4xx_hal_i2s_ex.o
HAL_I2SEx_TxRxHalfCpltCallback                    build/stm32f4xx_hal_i2s_ex.o
HAL_I2S_DMAPause                                  build/stm32f4xx_hal_i2s.o
HAL_I2S_DMAResume                                 build/stm32f4xx_hal_i2s.o
HAL_I2S_DMAStop                                   build/stm32f4xx_hal_i2s.o
HAL_I2S_DeInit                                    build/stm32f4xx_hal_i2s.o
HAL_I2S_ErrorCallback                             build/stm32f4xx_hal_i2s.o
                                                  build/stm32f4xx_hal_i2s_ex.o
HAL_I2S_GetError                                  build/stm32f4xx_hal_i2s.o
HAL_I2S_GetState                                  build/stm32f4xx_hal_i2s.o
HAL_I2S_IRQHandler                                build/stm32f4xx_hal_i2s.o
HAL_I2S_Init                                      build/stm32f4xx_hal_i2s.o
                                                  build/main.o
HAL_I2S_MspDeInit                                 build/stm32f4xx_hal_msp.o
HAL_I2S_MspInit                                   build/stm32f4xx_hal_msp.o
HAL_I2S_Receive                                   build/stm32f4xx_hal_i2s.o
HAL_I2S_Receive_DMA                               build/stm32f4xx_hal_i2s.o
HAL_I2S_Receive_IT                                build/stm32f4xx_hal_i2s.o
HAL_I2S_RxCpltCallback                            build/stm32f4xx_hal_i2s.o
HAL_I2S_RxHalfCpltCallback                        build/stm32f4xx_hal_i2s.o
HAL_I2S_Transmit                                  build/stm32f4xx_hal_i2s.o
HAL_I2S_Transmit_DMA                              build/stm32f4xx_hal_i2s.o
HAL_I2S_Transmit_IT                               build/stm32f4xx_hal_i2s.o
HAL_I2S_TxCpltCallback                            build/stm32f4xx_hal_i2s.o
HAL_I2S_TxHalfCpltCallback                        build/stm32f4xx_hal_i2s.o
HAL_IncTick                                       build/stm32f4xx_hal.o
                                                  build/stm32f4xx_it.o
HAL_Init                                          build/stm32f4xx_hal.o
                                                  build/main.o
HAL_InitTick                                      build/stm32f4xx_hal.o
                                                  build/stm32f4xx_hal_rcc_ex.o
                                                  build/stm32f4xx_hal_rcc.o
HAL_MPU_ConfigRegion                              build/stm32f4xx_hal_cortex.o
HAL_MPU_Disable                                   build/stm32f4xx_hal_cortex.o
HAL_MPU_Enable                                    build/stm32f4xx_hal_cortex.o
HAL_MspDeInit                                     build/stm32f4xx_hal.o
HAL_MspInit                                       build/stm32f4xx_hal_msp.o
HAL_NVIC_ClearPendingIRQ                          build/stm32f4xx_hal_cortex.o
HAL_NVIC_DisableIRQ                               build/stm32f4xx_hal_cortex.o
                                                  build/usbh_conf.o
HAL_NVIC_EnableIRQ                                build/stm32f4xx_hal_cortex.o
                                                  build/usbh_conf.o